Archive member included to satisfy reference by file (symbol)

c:/st/stm32cubeide_1.12.1/stm32cubeide/plugins/com.st.stm32cube.ide.mcu.externaltools.gnu-tools-for-stm32.10.3-2021.10.win32_1.0.200.202301161003/tools/bin/../lib/gcc/arm-none-eabi/10.3.1/../../../../arm-none-eabi/lib/thumb/v7-m/nofp\libc_nano.a(lib_a-errno.o)
                              ./Core/Src/syscalls.o (__errno)
c:/st/stm32cubeide_1.12.1/stm32cubeide/plugins/com.st.stm32cube.ide.mcu.externaltools.gnu-tools-for-stm32.10.3-2021.10.win32_1.0.200.202301161003/tools/bin/../lib/gcc/arm-none-eabi/10.3.1/../../../../arm-none-eabi/lib/thumb/v7-m/nofp\libc_nano.a(lib_a-exit.o)
                              c:/st/stm32cubeide_1.12.1/stm32cubeide/plugins/com.st.stm32cube.ide.mcu.externaltools.gnu-tools-for-stm32.10.3-2021.10.win32_1.0.200.202301161003/tools/bin/../lib/gcc/arm-none-eabi/10.3.1/../../../../arm-none-eabi/lib/thumb/v7-m/nofp/crt0.o (exit)
c:/st/stm32cubeide_1.12.1/stm32cubeide/plugins/com.st.stm32cube.ide.mcu.externaltools.gnu-tools-for-stm32.10.3-2021.10.win32_1.0.200.202301161003/tools/bin/../lib/gcc/arm-none-eabi/10.3.1/../../../../arm-none-eabi/lib/thumb/v7-m/nofp\libc_nano.a(lib_a-impure.o)
                              c:/st/stm32cubeide_1.12.1/stm32cubeide/plugins/com.st.stm32cube.ide.mcu.externaltools.gnu-tools-for-stm32.10.3-2021.10.win32_1.0.200.202301161003/tools/bin/../lib/gcc/arm-none-eabi/10.3.1/../../../../arm-none-eabi/lib/thumb/v7-m/nofp\libc_nano.a(lib_a-exit.o) (_global_impure_ptr)
c:/st/stm32cubeide_1.12.1/stm32cubeide/plugins/com.st.stm32cube.ide.mcu.externaltools.gnu-tools-for-stm32.10.3-2021.10.win32_1.0.200.202301161003/tools/bin/../lib/gcc/arm-none-eabi/10.3.1/../../../../arm-none-eabi/lib/thumb/v7-m/nofp\libc_nano.a(lib_a-init.o)
                              c:/st/stm32cubeide_1.12.1/stm32cubeide/plugins/com.st.stm32cube.ide.mcu.externaltools.gnu-tools-for-stm32.10.3-2021.10.win32_1.0.200.202301161003/tools/bin/../lib/gcc/arm-none-eabi/10.3.1/../../../../arm-none-eabi/lib/thumb/v7-m/nofp/crt0.o (__libc_init_array)
c:/st/stm32cubeide_1.12.1/stm32cubeide/plugins/com.st.stm32cube.ide.mcu.externaltools.gnu-tools-for-stm32.10.3-2021.10.win32_1.0.200.202301161003/tools/bin/../lib/gcc/arm-none-eabi/10.3.1/../../../../arm-none-eabi/lib/thumb/v7-m/nofp\libc_nano.a(lib_a-memset.o)
                              c:/st/stm32cubeide_1.12.1/stm32cubeide/plugins/com.st.stm32cube.ide.mcu.externaltools.gnu-tools-for-stm32.10.3-2021.10.win32_1.0.200.202301161003/tools/bin/../lib/gcc/arm-none-eabi/10.3.1/../../../../arm-none-eabi/lib/thumb/v7-m/nofp/crt0.o (memset)

Discarded input sections

 .text          0x0000000000000000        0x0 c:/st/stm32cubeide_1.12.1/stm32cubeide/plugins/com.st.stm32cube.ide.mcu.externaltools.gnu-tools-for-stm32.10.3-2021.10.win32_1.0.200.202301161003/tools/bin/../lib/gcc/arm-none-eabi/10.3.1/thumb/v7-m/nofp/crti.o
 .data          0x0000000000000000        0x0 c:/st/stm32cubeide_1.12.1/stm32cubeide/plugins/com.st.stm32cube.ide.mcu.externaltools.gnu-tools-for-stm32.10.3-2021.10.win32_1.0.200.202301161003/tools/bin/../lib/gcc/arm-none-eabi/10.3.1/thumb/v7-m/nofp/crti.o
 .bss           0x0000000000000000        0x0 c:/st/stm32cubeide_1.12.1/stm32cubeide/plugins/com.st.stm32cube.ide.mcu.externaltools.gnu-tools-for-stm32.10.3-2021.10.win32_1.0.200.202301161003/tools/bin/../lib/gcc/arm-none-eabi/10.3.1/thumb/v7-m/nofp/crti.o
 .data          0x0000000000000000        0x4 c:/st/stm32cubeide_1.12.1/stm32cubeide/plugins/com.st.stm32cube.ide.mcu.externaltools.gnu-tools-for-stm32.10.3-2021.10.win32_1.0.200.202301161003/tools/bin/../lib/gcc/arm-none-eabi/10.3.1/thumb/v7-m/nofp/crtbegin.o
 .rodata        0x0000000000000000       0x24 c:/st/stm32cubeide_1.12.1/stm32cubeide/plugins/com.st.stm32cube.ide.mcu.externaltools.gnu-tools-for-stm32.10.3-2021.10.win32_1.0.200.202301161003/tools/bin/../lib/gcc/arm-none-eabi/10.3.1/thumb/v7-m/nofp/crtbegin.o
 .text          0x0000000000000000       0x7c c:/st/stm32cubeide_1.12.1/stm32cubeide/plugins/com.st.stm32cube.ide.mcu.externaltools.gnu-tools-for-stm32.10.3-2021.10.win32_1.0.200.202301161003/tools/bin/../lib/gcc/arm-none-eabi/10.3.1/../../../../arm-none-eabi/lib/thumb/v7-m/nofp/crt0.o
 .data          0x0000000000000000        0x0 c:/st/stm32cubeide_1.12.1/stm32cubeide/plugins/com.st.stm32cube.ide.mcu.externaltools.gnu-tools-for-stm32.10.3-2021.10.win32_1.0.200.202301161003/tools/bin/../lib/gcc/arm-none-eabi/10.3.1/../../../../arm-none-eabi/lib/thumb/v7-m/nofp/crt0.o
 .bss           0x0000000000000000        0x0 c:/st/stm32cubeide_1.12.1/stm32cubeide/plugins/com.st.stm32cube.ide.mcu.externaltools.gnu-tools-for-stm32.10.3-2021.10.win32_1.0.200.202301161003/tools/bin/../lib/gcc/arm-none-eabi/10.3.1/../../../../arm-none-eabi/lib/thumb/v7-m/nofp/crt0.o
[...]
Memory Configuration

Name             Origin             Length             Attributes
RAM              0x0000000020000000 0x0000000000005000 xrw
FLASH            0x0000000008000000 0x0000000000010000 xr
*default*        0x0000000000000000 0xffffffffffffffff

Linker script and memory map

LOAD c:/st/stm32cubeide_1.12.1/stm32cubeide/plugins/com.st.stm32cube.ide.mcu.externaltools.gnu-tools-for-stm32.10.3-2021.10.win32_1.0.200.202301161003/tools/bin/../lib/gcc/arm-none-eabi/10.3.1/thumb/v7-m/nofp/crti.o
LOAD c:/st/stm32cubeide_1.12.1/stm32cubeide/plugins/com.st.stm32cube.ide.mcu.externaltools.gnu-tools-for-stm32.10.3-2021.10.win32_1.0.200.202301161003/tools/bin/../lib/gcc/arm-none-eabi/10.3.1/thumb/v7-m/nofp/crtbegin.o
LOAD c:/st/stm32cubeide_1.12.1/stm32cubeide/plugins/com.st.stm32cube.ide.mcu.externaltools.gnu-tools-for-stm32.10.3-2021.10.win32_1.0.200.202301161003/tools/bin/../lib/gcc/arm-none-eabi/10.3.1/../../../../arm-none-eabi/lib/thumb/v7-m/nofp/crt0.o
LOAD ./Core/Src/alarmClock.o
LOAD ./Core/Src/changeScreen.o
LOAD ./Core/Src/delayUs.o
LOAD ./Core/Src/dht11.o
LOAD ./Core/Src/gpio.o
LOAD ./Core/Src/i2c.o
LOAD ./Core/Src/key.o
LOAD ./Core/Src/led.o
LOAD ./Core/Src/main.o
LOAD ./Core/Src/mq2.o
LOAD ./Core/Src/myVolatile.o
LOAD ./Core/Src/oled.o
LOAD ./Core/Src/rtc.o
LOAD ./Core/Src/show.o
LOAD ./Core/Src/song.o
LOAD ./Core/Src/stm32f1xx_hal_msp.o
LOAD ./Core/Src/stm32f1xx_it.o
LOAD ./Core/Src/syscalls.o
LOAD ./Core/Src/sysmem.o
LOAD ./Core/Src/system_stm32f1xx.o
LOAD ./Core/Src/tim.o
LOAD ./Core/Src/usart.o
LOAD ./Core/Startup/startup_stm32f103c8tx.o
LOAD ./Drivers/STM32F1xx_HAL_Driver/Src/stm32f1xx_hal.o
LOAD ./Drivers/STM32F1xx_HAL_Driver/Src/stm32f1xx_hal_cortex.o
LOAD ./Drivers/STM32F1xx_HAL_Driver/Src/stm32f1xx_hal_dma.o
LOAD ./Drivers/STM32F1xx_HAL_Driver/Src/stm32f1xx_hal_exti.o
LOAD ./Drivers/STM32F1xx_HAL_Driver/Src/stm32f1xx_hal_flash.o
LOAD ./Drivers/STM32F1xx_HAL_Driver/Src/stm32f1xx_hal_flash_ex.o
LOAD ./Drivers/STM32F1xx_HAL_Driver/Src/stm32f1xx_hal_gpio.o
LOAD ./Drivers/STM32F1xx_HAL_Driver/Src/stm32f1xx_hal_gpio_ex.o
LOAD ./Drivers/STM32F1xx_HAL_Driver/Src/stm32f1xx_hal_i2c.o
LOAD ./Drivers/STM32F1xx_HAL_Driver/Src/stm32f1xx_hal_pwr.o
LOAD ./Drivers/STM32F1xx_HAL_Driver/Src/stm32f1xx_hal_rcc.o
LOAD ./Drivers/STM32F1xx_HAL_Driver/Src/stm32f1xx_hal_rcc_ex.o
LOAD ./Drivers/STM32F1xx_HAL_Driver/Src/stm32f1xx_hal_rtc.o
LOAD ./Drivers/STM32F1xx_HAL_Driver/Src/stm32f1xx_hal_rtc_ex.o
LOAD ./Drivers/STM32F1xx_HAL_Driver/Src/stm32f1xx_hal_tim.o
LOAD ./Drivers/STM32F1xx_HAL_Driver/Src/stm32f1xx_hal_tim_ex.o
LOAD ./Drivers/STM32F1xx_HAL_Driver/Src/stm32f1xx_hal_uart.o
START GROUP
LOAD c:/st/stm32cubeide_1.12.1/stm32cubeide/plugins/com.st.stm32cube.ide.mcu.externaltools.gnu-tools-for-stm32.10.3-2021.10.win32_1.0.200.202301161003/tools/bin/../lib/gcc/arm-none-eabi/10.3.1/../../../../arm-none-eabi/lib/thumb/v7-m/nofp\libc_nano.a
LOAD c:/st/stm32cubeide_1.12.1/stm32cubeide/plugins/com.st.stm32cube.ide.mcu.externaltools.gnu-tools-for-stm32.10.3-2021.10.win32_1.0.200.202301161003/tools/bin/../lib/gcc/arm-none-eabi/10.3.1/../../../../arm-none-eabi/lib/thumb/v7-m/nofp\libm.a
END GROUP
START GROUP
LOAD c:/st/stm32cubeide_1.12.1/stm32cubeide/plugins/com.st.stm32cube.ide.mcu.externaltools.gnu-tools-for-stm32.10.3-2021.10.win32_1.0.200.202301161003/tools/bin/../lib/gcc/arm-none-eabi/10.3.1/thumb/v7-m/nofp\libgcc.a
LOAD c:/st/stm32cubeide_1.12.1/stm32cubeide/plugins/com.st.stm32cube.ide.mcu.externaltools.gnu-tools-for-stm32.10.3-2021.10.win32_1.0.200.202301161003/tools/bin/../lib/gcc/arm-none-eabi/10.3.1/../../../../arm-none-eabi/lib/thumb/v7-m/nofp\libc_nano.a
END GROUP
START GROUP
LOAD c:/st/stm32cubeide_1.12.1/stm32cubeide/plugins/com.st.stm32cube.ide.mcu.externaltools.gnu-tools-for-stm32.10.3-2021.10.win32_1.0.200.202301161003/tools/bin/../lib/gcc/arm-none-eabi/10.3.1/thumb/v7-m/nofp\libgcc.a
LOAD c:/st/stm32cubeide_1.12.1/stm32cubeide/plugins/com.st.stm32cube.ide.mcu.externaltools.gnu-tools-for-stm32.10.3-2021.10.win32_1.0.200.202301161003/tools/bin/../lib/gcc/arm-none-eabi/10.3.1/../../../../arm-none-eabi/lib/thumb/v7-m/nofp\libc_nano.a
LOAD c:/st/stm32cubeide_1.12.1/stm32cubeide/plugins/com.st.stm32cube.ide.mcu.externaltools.gnu-tools-for-stm32.10.3-2021.10.win32_1.0.200.202301161003/tools/bin/../lib/gcc/arm-none-eabi/10.3.1/../../../../arm-none-eabi/lib/thumb/v7-m/nofp\libnosys.a
END GROUP
START GROUP
LOAD c:/st/stm32cubeide_1.12.1/stm32cubeide/plugins/com.st.stm32cube.ide.mcu.externaltools.gnu-tools-for-stm32.10.3-2021.10.win32_1.0.200.202301161003/tools/bin/../lib/gcc/arm-none-eabi/10.3.1/thumb/v7-m/nofp\libgcc.a
LOAD c:/st/stm32cubeide_1.12.1/stm32cubeide/plugins/com.st.stm32cube.ide.mcu.externaltools.gnu-tools-for-stm32.10.3-2021.10.win32_1.0.200.202301161003/tools/bin/../lib/gcc/arm-none-eabi/10.3.1/../../../../arm-none-eabi/lib/thumb/v7-m/nofp\libc_nano.a
LOAD c:/st/stm32cubeide_1.12.1/stm32cubeide/plugins/com.st.stm32cube.ide.mcu.externaltools.gnu-tools-for-stm32.10.3-2021.10.win32_1.0.200.202301161003/tools/bin/../lib/gcc/arm-none-eabi/10.3.1/../../../../arm-none-eabi/lib/thumb/v7-m/nofp\libnosys.a
END GROUP
LOAD c:/st/stm32cubeide_1.12.1/stm32cubeide/plugins/com.st.stm32cube.ide.mcu.externaltools.gnu-tools-for-stm32.10.3-2021.10.win32_1.0.200.202301161003/tools/bin/../lib/gcc/arm-none-eabi/10.3.1/thumb/v7-m/nofp/crtend.o
LOAD c:/st/stm32cubeide_1.12.1/stm32cubeide/plugins/com.st.stm32cube.ide.mcu.externaltools.gnu-tools-for-stm32.10.3-2021.10.win32_1.0.200.202301161003/tools/bin/../lib/gcc/arm-none-eabi/10.3.1/thumb/v7-m/nofp/crtn.o
                0x0000000020005000                _estack = (ORIGIN (RAM) + LENGTH (RAM))
                0x0000000000000200                _Min_Heap_Size = 0x200
                0x0000000000000400                _Min_Stack_Size = 0x400

.isr_vector     0x0000000008000000      0x10c
                0x0000000008000000                . = ALIGN (0x4)
 *(.isr_vector)
 .isr_vector    0x0000000008000000      0x10c ./Core/Startup/startup_stm32f103c8tx.o
                0x0000000008000000                g_pfnVectors
                0x000000000800010c                . = ALIGN (0x4)

.text           0x000000000800010c     0x4a2c
                0x000000000800010c                . = ALIGN (0x4)
 *(.text)
 .text          0x000000000800010c       0x40 c:/st/stm32cubeide_1.12.1/stm32cubeide/plugins/com.st.stm32cube.ide.mcu.externaltools.gnu-tools-for-stm32.10.3-2021.10.win32_1.0.200.202301161003/tools/bin/../lib/gcc/arm-none-eabi/10.3.1/thumb/v7-m/nofp/crtbegin.o
 *(.text*)
 .text.setDateAndTimeShowAlarmClock
                0x000000000800014c      0x1d0 ./Core/Src/alarmClock.o
                0x000000000800014c                setDateAndTimeShowAlarmClock
 .text.extranceAlarmClock
                0x000000000800031c       0xc8 ./Core/Src/alarmClock.o
                0x000000000800031c                extranceAlarmClock
 .text.alarmClockReminder
                0x00000000080003e4       0x90 ./Core/Src/alarmClock.o
                0x00000000080003e4                alarmClockReminder
 .text.checkAlarmClock
                0x0000000008000474       0xa0 ./Core/Src/alarmClock.o
                0x0000000008000474                checkAlarmClock
 .text.screen1  0x0000000008000514       0x94 ./Core/Src/changeScreen.o
                0x0000000008000514                screen1
 .text.screen2  0x00000000080005a8       0x30 ./Core/Src/changeScreen.o
                0x00000000080005a8                screen2
 .text.MX_GPIO_Init
                0x00000000080005d8       0xc0 ./Core/Src/gpio.o
                0x00000000080005d8                MX_GPIO_Init
 .text.MX_I2C1_Init
                0x0000000008000698       0x3c ./Core/Src/i2c.o
                0x0000000008000698                MX_I2C1_Init
 .text.HAL_I2C_MspInit
                0x00000000080006d4       0x64 ./Core/Src/i2c.o
                0x00000000080006d4                HAL_I2C_MspInit
 .text.readKeyValue
                0x0000000008000738       0xc4 ./Core/Src/key.o
                0x0000000008000738                readKeyValue
 .text.LED_Toggle
                0x00000000080007fc       0x2c ./Core/Src/led.o
                0x00000000080007fc                LED_Toggle
 .text.font     0x0000000008000828       0x10 ./Core/Src/main.o
                0x0000000008000828                font
 .text.SystemClock_Config
                0x0000000008000838       0x82 ./Core/Src/main.o
                0x0000000008000838                SystemClock_Config
 *fill*         0x00000000080008ba        0x2 
 .text.startup.main
                0x00000000080008bc      0x110 ./Core/Src/main.o
                0x00000000080008bc                main
 .text.Error_Handler
                0x00000000080009cc        0x4 ./Core/Src/main.o
                0x00000000080009cc                Error_Handler
 .text.fireAlarm
                0x00000000080009d0       0x28 ./Core/Src/mq2.o
                0x00000000080009d0                fireAlarm
 .text.displayFirmAlarm
                0x00000000080009f8       0x3c ./Core/Src/mq2.o
                0x00000000080009f8                displayFirmAlarm
 .text.MQ2_Scan
                0x0000000008000a34       0x94 ./Core/Src/mq2.o
                0x0000000008000a34                MQ2_Scan
 .text.loadSettingOrignalValue
                0x0000000008000ac8       0x50 ./Core/Src/myVolatile.o
                0x0000000008000ac8                loadSettingOrignalValue
 .text.returnFlagBluetooth
                0x0000000008000b18        0xc ./Core/Src/myVolatile.o
                0x0000000008000b18                returnFlagBluetooth
 .text.clearBluetoothCommand
                0x0000000008000b24        0xc ./Core/Src/myVolatile.o
                0x0000000008000b24                clearBluetoothCommand
 .text.showWeather
                0x0000000008000b30       0x74 ./Core/Src/myVolatile.o
                0x0000000008000b30                showWeather
 .text.showMonth
                0x0000000008000ba4       0x80 ./Core/Src/myVolatile.o
                0x0000000008000ba4                showMonth
 .text.showDay  0x0000000008000c24      0x16c ./Core/Src/myVolatile.o
                0x0000000008000c24                showDay
 .text.oled_write_cmd
                0x0000000008000d90       0x28 ./Core/Src/oled.o
                0x0000000008000d90                oled_write_cmd
 .text.oled_write_long_data
                0x0000000008000db8       0x20 ./Core/Src/oled.o
                0x0000000008000db8                oled_write_long_data
 .text.oled_init
                0x0000000008000dd8       0xb4 ./Core/Src/oled.o
                0x0000000008000dd8                oled_init
 .text.oled_update_screen
                0x0000000008000e8c       0x34 ./Core/Src/oled.o
                0x0000000008000e8c                oled_update_screen
 .text.oled_clear
                0x0000000008000ec0       0x1c ./Core/Src/oled.o
                0x0000000008000ec0                oled_clear
 .text.oled_drawpixel
                0x0000000008000edc       0x30 ./Core/Src/oled.o
                0x0000000008000edc                oled_drawpixel
 .text.oled_show_char
                0x0000000008000f0c       0x98 ./Core/Src/oled.o
                0x0000000008000f0c                oled_show_char
 .text.oled_show_china
                0x0000000008000fa4       0xd0 ./Core/Src/oled.o
                0x0000000008000fa4                oled_show_china
 .text.oled_show_str
                0x0000000008001074       0x50 ./Core/Src/oled.o
                0x0000000008001074                oled_show_str
 .text.OLED_ShowNumber
                0x00000000080010c4       0x90 ./Core/Src/oled.o
                0x00000000080010c4                OLED_ShowNumber
 .text.MX_RTC_Init
                0x0000000008001154       0x74 ./Core/Src/rtc.o
                0x0000000008001154                MX_RTC_Init
 .text.HAL_RTC_MspInit
                0x00000000080011c8       0x3c ./Core/Src/rtc.o
                0x00000000080011c8                HAL_RTC_MspInit
 .text.diaplaySettingAMPM
                0x0000000008001204       0x7c ./Core/Src/show.o
                0x0000000008001204                diaplaySettingAMPM
 .text.settingAMPM
                0x0000000008001280       0x6c ./Core/Src/show.o
                0x0000000008001280                settingAMPM
 .text.setDateAndTimeShow
                0x00000000080012ec      0x1e8 ./Core/Src/show.o
                0x00000000080012ec                setDateAndTimeShow
 .text.dealCrossingDay
                0x00000000080014d4      0x180 ./Core/Src/show.o
                0x00000000080014d4                dealCrossingDay
 .text.Increase
                0x0000000008001654      0x16c ./Core/Src/show.o
                0x0000000008001654                Increase
 .text.Decrease
                0x00000000080017c0      0x188 ./Core/Src/show.o
                0x00000000080017c0                Decrease
 .text.extranceDateAndTime
                0x0000000008001948      0x124 ./Core/Src/show.o
                0x0000000008001948                extranceDateAndTime
 .text.RTC_TimeAndDate_Show
                0x0000000008001a6c      0x264 ./Core/Src/show.o
                0x0000000008001a6c                RTC_TimeAndDate_Show
 .text.showSolarTermsScreen2
                0x0000000008001cd0      0x22c ./Core/Src/show.o
                0x0000000008001cd0                showSolarTermsScreen2
 .text.stopMusic
                0x0000000008001efc       0x2c ./Core/Src/song.o
                0x0000000008001efc                stopMusic
 .text.playMusicWithParameter
                0x0000000008001f28       0x8c ./Core/Src/song.o
                0x0000000008001f28                playMusicWithParameter
 .text.tipsEnter
                0x0000000008001fb4       0x60 ./Core/Src/song.o
                0x0000000008001fb4                tipsEnter
 .text.tipsSelect
                0x0000000008002014       0xb0 ./Core/Src/song.o
                0x0000000008002014                tipsSelect
 .text.playMusicMP3
                0x00000000080020c4       0x64 ./Core/Src/song.o
                0x00000000080020c4                playMusicMP3
 .text.tipMP3   0x0000000008002128       0x64 ./Core/Src/song.o
                0x0000000008002128                tipMP3
 .text.alarmClockMusic
                0x000000000800218c      0x100 ./Core/Src/song.o
                0x000000000800218c                alarmClockMusic
 .text.resetMusic
                0x000000000800228c       0x40 ./Core/Src/song.o
                0x000000000800228c                resetMusic
 .text.selectSong
                0x00000000080022cc       0x92 ./Core/Src/song.o
                0x00000000080022cc                selectSong
 .text.selectMusicMP3
                0x000000000800235e       0x5c ./Core/Src/song.o
                0x000000000800235e                selectMusicMP3
 *fill*         0x00000000080023ba        0x2 
 .text.HAL_MspInit
                0x00000000080023bc       0x30 ./Core/Src/stm32f1xx_hal_msp.o
                0x00000000080023bc                HAL_MspInit
 .text.NMI_Handler
                0x00000000080023ec        0x2 ./Core/Src/stm32f1xx_it.o
                0x00000000080023ec                NMI_Handler
 .text.HardFault_Handler
                0x00000000080023ee        0x2 ./Core/Src/stm32f1xx_it.o
                0x00000000080023ee                HardFault_Handler
 .text.MemManage_Handler
                0x00000000080023f0        0x2 ./Core/Src/stm32f1xx_it.o
                0x00000000080023f0                MemManage_Handler
 .text.BusFault_Handler
                0x00000000080023f2        0x2 ./Core/Src/stm32f1xx_it.o
                0x00000000080023f2                BusFault_Handler
 .text.UsageFault_Handler
                0x00000000080023f4        0x2 ./Core/Src/stm32f1xx_it.o
                0x00000000080023f4                UsageFault_Handler
 .text.SVC_Handler
                0x00000000080023f6        0x2 ./Core/Src/stm32f1xx_it.o
                0x00000000080023f6                SVC_Handler
 .text.DebugMon_Handler
                0x00000000080023f8        0x2 ./Core/Src/stm32f1xx_it.o
                0x00000000080023f8                DebugMon_Handler
 .text.PendSV_Handler
                0x00000000080023fa        0x2 ./Core/Src/stm32f1xx_it.o
                0x00000000080023fa                PendSV_Handler
 .text.SysTick_Handler
                0x00000000080023fc        0x4 ./Core/Src/stm32f1xx_it.o
                0x00000000080023fc                SysTick_Handler
 .text.USART1_IRQHandler
                0x0000000008002400       0x1c ./Core/Src/stm32f1xx_it.o
                0x0000000008002400                USART1_IRQHandler
 .text.USART2_IRQHandler
                0x000000000800241c        0xc ./Core/Src/stm32f1xx_it.o
                0x000000000800241c                USART2_IRQHandler
 .text.SystemInit
                0x0000000008002428        0x2 ./Core/Src/system_stm32f1xx.o
                0x0000000008002428                SystemInit
 *fill*         0x000000000800242a        0x2 
 .text.MX_TIM3_Init
                0x000000000800242c       0x68 ./Core/Src/tim.o
                0x000000000800242c                MX_TIM3_Init
 .text.HAL_TIM_Base_MspInit
                0x0000000008002494       0x28 ./Core/Src/tim.o
                0x0000000008002494                HAL_TIM_Base_MspInit
 .text.MX_USART1_UART_Init
                0x00000000080024bc       0x40 ./Core/Src/usart.o
                0x00000000080024bc                MX_USART1_UART_Init
 .text.MX_USART2_UART_Init
                0x00000000080024fc       0x44 ./Core/Src/usart.o
                0x00000000080024fc                MX_USART2_UART_Init
 .text.MX_USART3_UART_Init
                0x0000000008002540       0x38 ./Core/Src/usart.o
                0x0000000008002540                MX_USART3_UART_Init
 .text.HAL_UART_MspInit
                0x0000000008002578      0x14c ./Core/Src/usart.o
                0x0000000008002578                HAL_UART_MspInit
 .text.HandleBuleToothWeather
                0x00000000080026c4       0x3c ./Core/Src/usart.o
                0x00000000080026c4                HandleBuleToothWeather
 .text.HandleBuleToothTemp
                0x0000000008002700       0x18 ./Core/Src/usart.o
                0x0000000008002700                HandleBuleToothTemp
 .text.HandleBuleToothHumi
                0x0000000008002718       0x18 ./Core/Src/usart.o
                0x0000000008002718                HandleBuleToothHumi
 .text.HandleBuleToothMonth
                0x0000000008002730       0x8c ./Core/Src/usart.o
                0x0000000008002730                HandleBuleToothMonth
 .text.HandleBuleToothRun
                0x00000000080027bc       0x34 ./Core/Src/usart.o
                0x00000000080027bc                HandleBuleToothRun
 .text.HandleBuleToothDay
                0x00000000080027f0      0x15c ./Core/Src/usart.o
                0x00000000080027f0                HandleBuleToothDay
 .text.HAL_UART_RxCpltCallback
                0x000000000800294c      0x3ac ./Core/Src/usart.o
                0x000000000800294c                HAL_UART_RxCpltCallback
 .text.Reset_Handler
                0x0000000008002cf8       0x48 ./Core/Startup/startup_stm32f103c8tx.o
                0x0000000008002cf8                Reset_Handler
 .text.Default_Handler
                0x0000000008002d40        0x2 ./Core/Startup/startup_stm32f103c8tx.o
                0x0000000008002d40                RTC_Alarm_IRQHandler
                0x0000000008002d40                EXTI2_IRQHandler
                0x0000000008002d40                TIM1_CC_IRQHandler
                0x0000000008002d40                PVD_IRQHandler
                0x0000000008002d40                EXTI3_IRQHandler
                0x0000000008002d40                EXTI0_IRQHandler
                0x0000000008002d40                I2C2_EV_IRQHandler
                0x0000000008002d40                ADC1_2_IRQHandler
                0x0000000008002d40                SPI1_IRQHandler
                0x0000000008002d40                TAMPER_IRQHandler
                0x0000000008002d40                DMA1_Channel4_IRQHandler
                0x0000000008002d40                USART3_IRQHandler
                0x0000000008002d40                RTC_IRQHandler
                0x0000000008002d40                DMA1_Channel7_IRQHandler
                0x0000000008002d40                CAN1_RX1_IRQHandler
                0x0000000008002d40                TIM4_IRQHandler
                0x0000000008002d40                I2C1_EV_IRQHandler
                0x0000000008002d40                DMA1_Channel6_IRQHandler
                0x0000000008002d40                TIM3_IRQHandler
                0x0000000008002d40                RCC_IRQHandler
                0x0000000008002d40                TIM1_TRG_COM_IRQHandler
                0x0000000008002d40                DMA1_Channel1_IRQHandler
                0x0000000008002d40                Default_Handler
                0x0000000008002d40                EXTI15_10_IRQHandler
                0x0000000008002d40                EXTI9_5_IRQHandler
                0x0000000008002d40                SPI2_IRQHandler
                0x0000000008002d40                DMA1_Channel5_IRQHandler
                0x0000000008002d40                EXTI4_IRQHandler
                0x0000000008002d40                USB_LP_CAN1_RX0_IRQHandler
                0x0000000008002d40                USB_HP_CAN1_TX_IRQHandler
                0x0000000008002d40                DMA1_Channel3_IRQHandler
                0x0000000008002d40                TIM1_UP_IRQHandler
                0x0000000008002d40                WWDG_IRQHandler
                0x0000000008002d40                TIM2_IRQHandler
                0x0000000008002d40                TIM1_BRK_IRQHandler
                0x0000000008002d40                EXTI1_IRQHandler
                0x0000000008002d40                I2C2_ER_IRQHandler
                0x0000000008002d40                DMA1_Channel2_IRQHandler
                0x0000000008002d40                CAN1_SCE_IRQHandler
                0x0000000008002d40                FLASH_IRQHandler
                0x0000000008002d40                I2C1_ER_IRQHandler
                0x0000000008002d40                USBWakeUp_IRQHandler
 *fill*         0x0000000008002d42        0x2 
 .text.HAL_InitTick
                0x0000000008002d44       0x48 ./Drivers/STM32F1xx_HAL_Driver/Src/stm32f1xx_hal.o
                0x0000000008002d44                HAL_InitTick
 .text.HAL_Init
                0x0000000008002d8c       0x24 ./Drivers/STM32F1xx_HAL_Driver/Src/stm32f1xx_hal.o
                0x0000000008002d8c                HAL_Init
 .text.HAL_IncTick
                0x0000000008002db0       0x18 ./Drivers/STM32F1xx_HAL_Driver/Src/stm32f1xx_hal.o
                0x0000000008002db0                HAL_IncTick
 .text.HAL_GetTick
                0x0000000008002dc8        0xc ./Drivers/STM32F1xx_HAL_Driver/Src/stm32f1xx_hal.o
                0x0000000008002dc8                HAL_GetTick
 .text.HAL_Delay
                0x0000000008002dd4       0x24 ./Drivers/STM32F1xx_HAL_Driver/Src/stm32f1xx_hal.o
                0x0000000008002dd4                HAL_Delay
 .text.HAL_NVIC_SetPriorityGrouping
                0x0000000008002df8       0x24 ./Drivers/STM32F1xx_HAL_Driver/Src/stm32f1xx_hal_cortex.o
                0x0000000008002df8                HAL_NVIC_SetPriorityGrouping
 .text.HAL_NVIC_SetPriority
                0x0000000008002e1c       0x64 ./Drivers/STM32F1xx_HAL_Driver/Src/stm32f1xx_hal_cortex.o
                0x0000000008002e1c                HAL_NVIC_SetPriority
 .text.HAL_NVIC_EnableIRQ
                0x0000000008002e80       0x1c ./Drivers/STM32F1xx_HAL_Driver/Src/stm32f1xx_hal_cortex.o
                0x0000000008002e80                HAL_NVIC_EnableIRQ
 .text.HAL_SYSTICK_Config
                0x0000000008002e9c       0x28 ./Drivers/STM32F1xx_HAL_Driver/Src/stm32f1xx_hal_cortex.o
                0x0000000008002e9c                HAL_SYSTICK_Config
 .text.HAL_DMA_Abort
                0x0000000008002ec4       0x42 ./Drivers/STM32F1xx_HAL_Driver/Src/stm32f1xx_hal_dma.o
                0x0000000008002ec4                HAL_DMA_Abort
 *fill*         0x0000000008002f06        0x2 
 .text.HAL_DMA_Abort_IT
                0x0000000008002f08       0x90 ./Drivers/STM32F1xx_HAL_Driver/Src/stm32f1xx_hal_dma.o
                0x0000000008002f08                HAL_DMA_Abort_IT
 .text.HAL_GPIO_Init
                0x0000000008002f98      0x1b4 ./Drivers/STM32F1xx_HAL_Driver/Src/stm32f1xx_hal_gpio.o
                0x0000000008002f98                HAL_GPIO_Init
 .text.HAL_GPIO_ReadPin
                0x000000000800314c        0xc ./Drivers/STM32F1xx_HAL_Driver/Src/stm32f1xx_hal_gpio.o
                0x000000000800314c                HAL_GPIO_ReadPin
 .text.HAL_GPIO_WritePin
                0x0000000008003158        0xa ./Drivers/STM32F1xx_HAL_Driver/Src/stm32f1xx_hal_gpio.o
                0x0000000008003158                HAL_GPIO_WritePin
 .text.I2C_IsAcknowledgeFailed
                0x0000000008003162       0x32 ./Drivers/STM32F1xx_HAL_Driver/Src/stm32f1xx_hal_i2c.o
 .text.I2C_WaitOnFlagUntilTimeout
                0x0000000008003194       0x80 ./Drivers/STM32F1xx_HAL_Driver/Src/stm32f1xx_hal_i2c.o
 .text.I2C_WaitOnMasterAddressFlagUntilTimeout
                0x0000000008003214       0x84 ./Drivers/STM32F1xx_HAL_Driver/Src/stm32f1xx_hal_i2c.o
 .text.I2C_WaitOnTXEFlagUntilTimeout
                0x0000000008003298       0x54 ./Drivers/STM32F1xx_HAL_Driver/Src/stm32f1xx_hal_i2c.o
 .text.I2C_RequestMemoryWrite
                0x00000000080032ec       0xb0 ./Drivers/STM32F1xx_HAL_Driver/Src/stm32f1xx_hal_i2c.o
 .text.I2C_WaitOnBTFFlagUntilTimeout
                0x000000000800339c       0x54 ./Drivers/STM32F1xx_HAL_Driver/Src/stm32f1xx_hal_i2c.o
 .text.HAL_I2C_Init
                0x00000000080033f0      0x150 ./Drivers/STM32F1xx_HAL_Driver/Src/stm32f1xx_hal_i2c.o
                0x00000000080033f0                HAL_I2C_Init
 .text.HAL_I2C_Mem_Write
                0x0000000008003540      0x120 ./Drivers/STM32F1xx_HAL_Driver/Src/stm32f1xx_hal_i2c.o
                0x0000000008003540                HAL_I2C_Mem_Write
 .text.HAL_PWR_EnableBkUpAccess
                0x0000000008003660        0xc ./Drivers/STM32F1xx_HAL_Driver/Src/stm32f1xx_hal_pwr.o
                0x0000000008003660                HAL_PWR_EnableBkUpAccess
 .text.HAL_RCC_OscConfig
                0x000000000800366c      0x338 ./Drivers/STM32F1xx_HAL_Driver/Src/stm32f1xx_hal_rcc.o
                0x000000000800366c                HAL_RCC_OscConfig
 .text.HAL_RCC_GetSysClockFreq
                0x00000000080039a4       0x4c ./Drivers/STM32F1xx_HAL_Driver/Src/stm32f1xx_hal_rcc.o
                0x00000000080039a4                HAL_RCC_GetSysClockFreq
 .text.HAL_RCC_ClockConfig
                0x00000000080039f0      0x138 ./Drivers/STM32F1xx_HAL_Driver/Src/stm32f1xx_hal_rcc.o
                0x00000000080039f0                HAL_RCC_ClockConfig
 .text.HAL_RCC_GetPCLK1Freq
                0x0000000008003b28       0x20 ./Drivers/STM32F1xx_HAL_Driver/Src/stm32f1xx_hal_rcc.o
                0x0000000008003b28                HAL_RCC_GetPCLK1Freq
 .text.HAL_RCC_GetPCLK2Freq
                0x0000000008003b48       0x20 ./Drivers/STM32F1xx_HAL_Driver/Src/stm32f1xx_hal_rcc.o
                0x0000000008003b48                HAL_RCC_GetPCLK2Freq
 .text.HAL_RCCEx_PeriphCLKConfig
                0x0000000008003b68       0xf4 ./Drivers/STM32F1xx_HAL_Driver/Src/stm32f1xx_hal_rcc_ex.o
                0x0000000008003b68                HAL_RCCEx_PeriphCLKConfig
 .text.HAL_RCCEx_GetPeriphCLKFreq
                0x0000000008003c5c       0xbc ./Drivers/STM32F1xx_HAL_Driver/Src/stm32f1xx_hal_rcc_ex.o
                0x0000000008003c5c                HAL_RCCEx_GetPeriphCLKFreq
 .text.RTC_ReadTimeCounter
                0x0000000008003d18       0x24 ./Drivers/STM32F1xx_HAL_Driver/Src/stm32f1xx_hal_rtc.o
 .text.RTC_ReadAlarmCounter
                0x0000000008003d3c        0xe ./Drivers/STM32F1xx_HAL_Driver/Src/stm32f1xx_hal_rtc.o
 .text.RTC_ByteToBcd2
                0x0000000008003d4a       0x16 ./Drivers/STM32F1xx_HAL_Driver/Src/stm32f1xx_hal_rtc.o
 .text.RTC_Bcd2ToByte
                0x0000000008003d60       0x10 ./Drivers/STM32F1xx_HAL_Driver/Src/stm32f1xx_hal_rtc.o
 .text.RTC_WeekDayNum
                0x0000000008003d70       0x64 ./Drivers/STM32F1xx_HAL_Driver/Src/stm32f1xx_hal_rtc.o
 .text.RTC_EnterInitMode
                0x0000000008003dd4       0x2e ./Drivers/STM32F1xx_HAL_Driver/Src/stm32f1xx_hal_rtc.o
 .text.RTC_ExitInitMode
                0x0000000008003e02       0x30 ./Drivers/STM32F1xx_HAL_Driver/Src/stm32f1xx_hal_rtc.o
 .text.RTC_WriteTimeCounter
                0x0000000008003e32       0x28 ./Drivers/STM32F1xx_HAL_Driver/Src/stm32f1xx_hal_rtc.o
 .text.RTC_WriteAlarmCounter
                0x0000000008003e5a       0x28 ./Drivers/STM32F1xx_HAL_Driver/Src/stm32f1xx_hal_rtc.o
 .text.HAL_RTC_SetTime
                0x0000000008003e82       0x9e ./Drivers/STM32F1xx_HAL_Driver/Src/stm32f1xx_hal_rtc.o
                0x0000000008003e82                HAL_RTC_SetTime
 .text.HAL_RTC_GetTime
                0x0000000008003f20      0x17c ./Drivers/STM32F1xx_HAL_Driver/Src/stm32f1xx_hal_rtc.o
                0x0000000008003f20                HAL_RTC_GetTime
 .text.HAL_RTC_SetDate
                0x000000000800409c       0xb0 ./Drivers/STM32F1xx_HAL_Driver/Src/stm32f1xx_hal_rtc.o
                0x000000000800409c                HAL_RTC_SetDate
 .text.HAL_RTC_GetDate
                0x000000000800414c       0x58 ./Drivers/STM32F1xx_HAL_Driver/Src/stm32f1xx_hal_rtc.o
                0x000000000800414c                HAL_RTC_GetDate
 .text.HAL_RTC_WaitForSynchro
                0x00000000080041a4       0x36 ./Drivers/STM32F1xx_HAL_Driver/Src/stm32f1xx_hal_rtc.o
                0x00000000080041a4                HAL_RTC_WaitForSynchro
 *fill*         0x00000000080041da        0x2 
 .text.HAL_RTC_Init
                0x00000000080041dc       0x90 ./Drivers/STM32F1xx_HAL_Driver/Src/stm32f1xx_hal_rtc.o
                0x00000000080041dc                HAL_RTC_Init
 .text.TIM_Base_SetConfig
                0x000000000800426c       0x70 ./Drivers/STM32F1xx_HAL_Driver/Src/stm32f1xx_hal_tim.o
                0x000000000800426c                TIM_Base_SetConfig
 .text.HAL_TIM_Base_Init
                0x00000000080042dc       0x58 ./Drivers/STM32F1xx_HAL_Driver/Src/stm32f1xx_hal_tim.o
                0x00000000080042dc                HAL_TIM_Base_Init
 .text.TIM_ETR_SetConfig
                0x0000000008004334       0x14 ./Drivers/STM32F1xx_HAL_Driver/Src/stm32f1xx_hal_tim.o
                0x0000000008004334                TIM_ETR_SetConfig
 .text.HAL_TIM_ConfigClockSource
                0x0000000008004348      0x138 ./Drivers/STM32F1xx_HAL_Driver/Src/stm32f1xx_hal_tim.o
                0x0000000008004348                HAL_TIM_ConfigClockSource
 .text.HAL_TIMEx_MasterConfigSynchronization
                0x0000000008004480       0x5c ./Drivers/STM32F1xx_HAL_Driver/Src/stm32f1xx_hal_tim_ex.o
                0x0000000008004480                HAL_TIMEx_MasterConfigSynchronization
 .text.UART_EndRxTransfer
                0x00000000080044dc       0x5c ./Drivers/STM32F1xx_HAL_Driver/Src/stm32f1xx_hal_uart.o
 .text.UART_SetConfig
                0x0000000008004538       0x74 ./Drivers/STM32F1xx_HAL_Driver/Src/stm32f1xx_hal_uart.o
 .text.UART_WaitOnFlagUntilTimeout.constprop.0
                0x00000000080045ac       0x6c ./Drivers/STM32F1xx_HAL_Driver/Src/stm32f1xx_hal_uart.o
 .text.HAL_UART_Init
                0x0000000008004618       0x5e ./Drivers/STM32F1xx_HAL_Driver/Src/stm32f1xx_hal_uart.o
                0x0000000008004618                HAL_UART_Init
 .text.HAL_UART_Transmit
                0x0000000008004676       0x96 ./Drivers/STM32F1xx_HAL_Driver/Src/stm32f1xx_hal_uart.o
                0x0000000008004676                HAL_UART_Transmit
 .text.HAL_UART_TxCpltCallback
                0x000000000800470c        0x2 ./Drivers/STM32F1xx_HAL_Driver/Src/stm32f1xx_hal_uart.o
                0x000000000800470c                HAL_UART_TxCpltCallback
 .text.HAL_UART_ErrorCallback
                0x000000000800470e        0x2 ./Drivers/STM32F1xx_HAL_Driver/Src/stm32f1xx_hal_uart.o
                0x000000000800470e                HAL_UART_ErrorCallback
 .text.UART_DMAAbortOnError
                0x0000000008004710       0x10 ./Drivers/STM32F1xx_HAL_Driver/Src/stm32f1xx_hal_uart.o
 .text.HAL_UARTEx_RxEventCallback
                0x0000000008004720        0x2 ./Drivers/STM32F1xx_HAL_Driver/Src/stm32f1xx_hal_uart.o
                0x0000000008004720                HAL_UARTEx_RxEventCallback
 .text.UART_Receive_IT.part.0.isra.0
                0x0000000008004722       0xae ./Drivers/STM32F1xx_HAL_Driver/Src/stm32f1xx_hal_uart.o
 .text.HAL_UART_IRQHandler
                0x00000000080047d0      0x2a4 ./Drivers/STM32F1xx_HAL_Driver/Src/stm32f1xx_hal_uart.o
                0x00000000080047d0                HAL_UART_IRQHandler
 .text.UART_Start_Receive_IT
                0x0000000008004a74       0x32 ./Drivers/STM32F1xx_HAL_Driver/Src/stm32f1xx_hal_uart.o
                0x0000000008004a74                UART_Start_Receive_IT
 .text.HAL_UART_Receive_IT
                0x0000000008004aa6       0x22 ./Drivers/STM32F1xx_HAL_Driver/Src/stm32f1xx_hal_uart.o
                0x0000000008004aa6                HAL_UART_Receive_IT
 .text.__libc_init_array
                0x0000000008004ac8       0x48 c:/st/stm32cubeide_1.12.1/stm32cubeide/plugins/com.st.stm32cube.ide.mcu.externaltools.gnu-tools-for-stm32.10.3-2021.10.win32_1.0.200.202301161003/tools/bin/../lib/gcc/arm-none-eabi/10.3.1/../../../../arm-none-eabi/lib/thumb/v7-m/nofp\libc_nano.a(lib_a-init.o)
                0x0000000008004ac8                __libc_init_array
 .text.memset   0x0000000008004b10       0x10 c:/st/stm32cubeide_1.12.1/stm32cubeide/plugins/com.st.stm32cube.ide.mcu.externaltools.gnu-tools-for-stm32.10.3-2021.10.win32_1.0.200.202301161003/tools/bin/../lib/gcc/arm-none-eabi/10.3.1/../../../../arm-none-eabi/lib/thumb/v7-m/nofp\libc_nano.a(lib_a-memset.o)
                0x0000000008004b10                memset
 *(.glue_7)
 .glue_7        0x0000000008004b20        0x0 linker stubs
 *(.glue_7t)
 .glue_7t       0x0000000008004b20        0x0 linker stubs
 *(.eh_frame)
 .eh_frame      0x0000000008004b20        0x0 c:/st/stm32cubeide_1.12.1/stm32cubeide/plugins/com.st.stm32cube.ide.mcu.externaltools.gnu-tools-for-stm32.10.3-2021.10.win32_1.0.200.202301161003/tools/bin/../lib/gcc/arm-none-eabi/10.3.1/thumb/v7-m/nofp/crtbegin.o
 *(.init)
 .init          0x0000000008004b20        0x4 c:/st/stm32cubeide_1.12.1/stm32cubeide/plugins/com.st.stm32cube.ide.mcu.externaltools.gnu-tools-for-stm32.10.3-2021.10.win32_1.0.200.202301161003/tools/bin/../lib/gcc/arm-none-eabi/10.3.1/thumb/v7-m/nofp/crti.o
                0x0000000008004b20                _init
 .init          0x0000000008004b24        0x8 c:/st/stm32cubeide_1.12.1/stm32cubeide/plugins/com.st.stm32cube.ide.mcu.externaltools.gnu-tools-for-stm32.10.3-2021.10.win32_1.0.200.202301161003/tools/bin/../lib/gcc/arm-none-eabi/10.3.1/thumb/v7-m/nofp/crtn.o
 *(.fini)
 .fini          0x0000000008004b2c        0x4 c:/st/stm32cubeide_1.12.1/stm32cubeide/plugins/com.st.stm32cube.ide.mcu.externaltools.gnu-tools-for-stm32.10.3-2021.10.win32_1.0.200.202301161003/tools/bin/../lib/gcc/arm-none-eabi/10.3.1/thumb/v7-m/nofp/crti.o
                0x0000000008004b2c                _fini
 .fini          0x0000000008004b30        0x8 c:/st/stm32cubeide_1.12.1/stm32cubeide/plugins/com.st.stm32cube.ide.mcu.externaltools.gnu-tools-for-stm32.10.3-2021.10.win32_1.0.200.202301161003/tools/bin/../lib/gcc/arm-none-eabi/10.3.1/thumb/v7-m/nofp/crtn.o
                0x0000000008004b38                . = ALIGN (0x4)
                0x0000000008004b38                _etext = .

.vfp11_veneer   0x0000000008004b38        0x0
 .vfp11_veneer  0x0000000008004b38        0x0 linker stubs

.v4_bx          0x0000000008004b38        0x0
 .v4_bx         0x0000000008004b38        0x0 linker stubs

.iplt           0x0000000008004b38        0x0
 .iplt          0x0000000008004b38        0x0 c:/st/stm32cubeide_1.12.1/stm32cubeide/plugins/com.st.stm32cube.ide.mcu.externaltools.gnu-tools-for-stm32.10.3-2021.10.win32_1.0.200.202301161003/tools/bin/../lib/gcc/arm-none-eabi/10.3.1/thumb/v7-m/nofp/crtbegin.o

.rodata         0x0000000008004b38       0xe8
                0x0000000008004b38                . = ALIGN (0x4)
 *(.rodata)
 .rodata        0x0000000008004b38        0x8 ./Core/Src/mq2.o
 .rodata        0x0000000008004b40       0x72 ./Core/Src/song.o
 *(.rodata*)
 .rodata.alarmClockReminder.str1.1
                0x0000000008004bb2        0x0 ./Core/Src/alarmClock.o
                                          0x5 (size before relaxing)
 .rodata.screen1.str1.1
                0x0000000008004bb2        0x0 ./Core/Src/changeScreen.o
                                          0x2 (size before relaxing)
 .rodata.displayFirmAlarm.str1.1
                0x0000000008004bb2        0x4 ./Core/Src/mq2.o
 .rodata.diaplaySettingAMPM.str1.1
                0x0000000008004bb6       0x13 ./Core/Src/show.o
 .rodata.RTC_TimeAndDate_Show.str1.1
                0x0000000008004bc9        0x6 ./Core/Src/show.o
 .rodata.tipsEnter.str1.1
                0x0000000008004bcf        0x5 ./Core/Src/song.o
 .rodata.tipsSelect.str1.1
                0x0000000008004bcf        0x4 ./Core/Src/song.o
 .rodata.tipMP3.str1.1
                0x0000000008004bd3        0xe ./Core/Src/song.o
 .rodata.AHBPrescTable
                0x0000000008004be1       0x10 ./Core/Src/system_stm32f1xx.o
                0x0000000008004be1                AHBPrescTable
 .rodata.APBPrescTable
                0x0000000008004bf1        0x8 ./Core/Src/system_stm32f1xx.o
                0x0000000008004bf1                APBPrescTable
 .rodata.aPLLMULFactorTable.1
                0x0000000008004bf9       0x10 ./Drivers/STM32F1xx_HAL_Driver/Src/stm32f1xx_hal_rcc.o
 .rodata.aPredivFactorTable.0
                0x0000000008004c09        0x2 ./Drivers/STM32F1xx_HAL_Driver/Src/stm32f1xx_hal_rcc.o
 .rodata.aPLLMULFactorTable.1
                0x0000000008004c0b       0x10 ./Drivers/STM32F1xx_HAL_Driver/Src/stm32f1xx_hal_rcc_ex.o
 .rodata.aPredivFactorTable.0
                0x0000000008004c1b        0x2 ./Drivers/STM32F1xx_HAL_Driver/Src/stm32f1xx_hal_rcc_ex.o
                0x0000000008004c20                . = ALIGN (0x4)
 *fill*         0x0000000008004c1d        0x3 

.rel.dyn        0x0000000008004c20        0x0
 .rel.iplt      0x0000000008004c20        0x0 c:/st/stm32cubeide_1.12.1/stm32cubeide/plugins/com.st.stm32cube.ide.mcu.externaltools.gnu-tools-for-stm32.10.3-2021.10.win32_1.0.200.202301161003/tools/bin/../lib/gcc/arm-none-eabi/10.3.1/thumb/v7-m/nofp/crtbegin.o

.ARM.extab      0x0000000008004c20        0x0
                0x0000000008004c20                . = ALIGN (0x4)
 *(.ARM.extab* .gnu.linkonce.armextab.*)
                0x0000000008004c20                . = ALIGN (0x4)

.ARM            0x0000000008004c20        0x0
                0x0000000008004c20                . = ALIGN (0x4)
                0x0000000008004c20                __exidx_start = .
 *(.ARM.exidx*)
                0x0000000008004c20                __exidx_end = .
                0x0000000008004c20                . = ALIGN (0x4)

.preinit_array  0x0000000008004c20        0x0
                0x0000000008004c20                . = ALIGN (0x4)
                0x0000000008004c20                PROVIDE (__preinit_array_start = .)
 *(.preinit_array*)
                0x0000000008004c20                PROVIDE (__preinit_array_end = .)
                0x0000000008004c20                . = ALIGN (0x4)

.init_array     0x0000000008004c20        0x4
                0x0000000008004c20                . = ALIGN (0x4)
                0x0000000008004c20                PROVIDE (__init_array_start = .)
 *(SORT_BY_NAME(.init_array.*))
 *(.init_array*)
 .init_array    0x0000000008004c20        0x4 c:/st/stm32cubeide_1.12.1/stm32cubeide/plugins/com.st.stm32cube.ide.mcu.externaltools.gnu-tools-for-stm32.10.3-2021.10.win32_1.0.200.202301161003/tools/bin/../lib/gcc/arm-none-eabi/10.3.1/thumb/v7-m/nofp/crtbegin.o
                0x0000000008004c24                PROVIDE (__init_array_end = .)
                0x0000000008004c24                . = ALIGN (0x4)

.fini_array     0x0000000008004c24        0x4
                0x0000000008004c24                . = ALIGN (0x4)
                [!provide]                        PROVIDE (__fini_array_start = .)
 *(SORT_BY_NAME(.fini_array.*))
 *(.fini_array*)
 .fini_array    0x0000000008004c24        0x4 c:/st/stm32cubeide_1.12.1/stm32cubeide/plugins/com.st.stm32cube.ide.mcu.externaltools.gnu-tools-for-stm32.10.3-2021.10.win32_1.0.200.202301161003/tools/bin/../lib/gcc/arm-none-eabi/10.3.1/thumb/v7-m/nofp/crtbegin.o
                [!provide]                        PROVIDE (__fini_array_end = .)
                0x0000000008004c28                . = ALIGN (0x4)
                0x0000000008004c28                _sidata = LOADADDR (.data)

.data           0x0000000020000000     0x3edc load address 0x0000000008004c28
                0x0000000020000000                . = ALIGN (0x4)
                0x0000000020000000                _sdata = .
 *(.data)
 *(.data*)
 .data.DATA     0x0000000020000000     0x17c0 ./Core/Src/main.o
                0x0000000020000000                DATA
 .data.hanzi    0x00000000200017c0     0x2700 ./Core/Src/main.o
                0x00000000200017c0                hanzi
 .data.flagBluetooth
                0x0000000020003ec0        0x1 ./Core/Src/myVolatile.o
                0x0000000020003ec0                flagBluetooth
 .data.flagHumi
                0x0000000020003ec1        0x1 ./Core/Src/myVolatile.o
                0x0000000020003ec1                flagHumi
 .data.flagTemp
                0x0000000020003ec2        0x1 ./Core/Src/myVolatile.o
                0x0000000020003ec2                flagTemp
 *fill*         0x0000000020003ec3        0x1 
 .data.musicId  0x0000000020003ec4        0x4 ./Core/Src/myVolatile.o
                0x0000000020003ec4                musicId
 .data.tempArray
                0x0000000020003ec8        0x7 ./Core/Src/myVolatile.o
                0x0000000020003ec8                tempArray
 *fill*         0x0000000020003ecf        0x1 
 .data.SystemCoreClock
                0x0000000020003ed0        0x4 ./Core/Src/system_stm32f1xx.o
                0x0000000020003ed0                SystemCoreClock
 .data.uwTickFreq
                0x0000000020003ed4        0x1 ./Drivers/STM32F1xx_HAL_Driver/Src/stm32f1xx_hal.o
                0x0000000020003ed4                uwTickFreq
 *fill*         0x0000000020003ed5        0x3 
 .data.uwTickPrio
                0x0000000020003ed8        0x4 ./Drivers/STM32F1xx_HAL_Driver/Src/stm32f1xx_hal.o
                0x0000000020003ed8                uwTickPrio
 *(.RamFunc)
 *(.RamFunc*)
                0x0000000020003edc                . = ALIGN (0x4)
                0x0000000020003edc                _edata = .

.igot.plt       0x0000000020003edc        0x0 load address 0x0000000008008b04
 .igot.plt      0x0000000020003edc        0x0 c:/st/stm32cubeide_1.12.1/stm32cubeide/plugins/com.st.stm32cube.ide.mcu.externaltools.gnu-tools-for-stm32.10.3-2021.10.win32_1.0.200.202301161003/tools/bin/../lib/gcc/arm-none-eabi/10.3.1/thumb/v7-m/nofp/crtbegin.o
                0x0000000020003edc                . = ALIGN (0x4)

.bss            0x0000000020003edc      0x61c load address 0x0000000008008b04
                0x0000000020003edc                _sbss = .
                0x0000000020003edc                __bss_start__ = _sbss
 *(.bss)
 .bss           0x0000000020003edc       0x1c c:/st/stm32cubeide_1.12.1/stm32cubeide/plugins/com.st.stm32cube.ide.mcu.externaltools.gnu-tools-for-stm32.10.3-2021.10.win32_1.0.200.202301161003/tools/bin/../lib/gcc/arm-none-eabi/10.3.1/thumb/v7-m/nofp/crtbegin.o
 *(.bss*)
 .bss.hi2c1     0x0000000020003ef8       0x54 ./Core/Src/i2c.o
                0x0000000020003ef8                hi2c1
 .bss.fontone   0x0000000020003f4c        0x8 ./Core/Src/main.o
                0x0000000020003f4c                fontone
 .bss.flagAMPM  0x0000000020003f54        0x1 ./Core/Src/myVolatile.o
                0x0000000020003f54                flagAMPM
 .bss.flagDay   0x0000000020003f55        0x1 ./Core/Src/myVolatile.o
                0x0000000020003f55                flagDay
 .bss.flagMonth
                0x0000000020003f56        0x1 ./Core/Src/myVolatile.o
                0x0000000020003f56                flagMonth
 .bss.flagRun   0x0000000020003f57        0x1 ./Core/Src/myVolatile.o
                0x0000000020003f57                flagRun
 .bss.flagSendMessageForFireAlarm
                0x0000000020003f58        0x1 ./Core/Src/myVolatile.o
                0x0000000020003f58                flagSendMessageForFireAlarm
 .bss.flagWeather
                0x0000000020003f59        0x1 ./Core/Src/myVolatile.o
                0x0000000020003f59                flagWeather
 .bss.tempArrayAlarmClock
                0x0000000020003f5a        0x6 ./Core/Src/myVolatile.o
                0x0000000020003f5a                tempArrayAlarmClock
 .bss.g_oled_buffer
                0x0000000020003f60      0x400 ./Core/Src/oled.o
 .bss.is_show_str
                0x0000000020004360        0x1 ./Core/Src/oled.o
 *fill*         0x0000000020004361        0x1 
 .bss.oled      0x0000000020004362        0x6 ./Core/Src/oled.o
 .bss.hrtc      0x0000000020004368       0x14 ./Core/Src/rtc.o
                0x0000000020004368                hrtc
 .bss.htim3     0x000000002000437c       0x48 ./Core/Src/tim.o
                0x000000002000437c                htim3
 .bss.Uart2_RxBuffCommon
                0x00000000200043c4       0x15 ./Core/Src/usart.o
                0x00000000200043c4                Uart2_RxBuffCommon
 .bss.Uart2_RxBuffLunarCanlender
                0x00000000200043d9       0x15 ./Core/Src/usart.o
                0x00000000200043d9                Uart2_RxBuffLunarCanlender
 .bss.Uart2_RxBuffTime
                0x00000000200043ee       0x15 ./Core/Src/usart.o
                0x00000000200043ee                Uart2_RxBuffTime
 .bss.Uart2_RxBuffWeather
                0x0000000020004403       0x15 ./Core/Src/usart.o
                0x0000000020004403                Uart2_RxBuffWeather
 .bss.Uart2_Rx_Cnt
                0x0000000020004418        0x1 ./Core/Src/usart.o
                0x0000000020004418                Uart2_Rx_Cnt
 .bss.Uart2_aRxBuffer
                0x0000000020004419        0x1 ./Core/Src/usart.o
                0x0000000020004419                Uart2_aRxBuffer
 *fill*         0x000000002000441a        0x2 
 .bss.huart1    0x000000002000441c       0x48 ./Core/Src/usart.o
                0x000000002000441c                huart1
 .bss.huart2    0x0000000020004464       0x48 ./Core/Src/usart.o
                0x0000000020004464                huart2
 .bss.huart3    0x00000000200044ac       0x48 ./Core/Src/usart.o
                0x00000000200044ac                huart3
 .bss.uwTick    0x00000000200044f4        0x4 ./Drivers/STM32F1xx_HAL_Driver/Src/stm32f1xx_hal.o
                0x00000000200044f4                uwTick
 *(COMMON)
                0x00000000200044f8                . = ALIGN (0x4)
                0x00000000200044f8                _ebss = .
                0x00000000200044f8                __bss_end__ = _ebss

._user_heap_stack
                0x00000000200044f8      0x600 load address 0x0000000008008b04
                0x00000000200044f8                . = ALIGN (0x8)
                [!provide]                        PROVIDE (end = .)
                0x00000000200044f8                PROVIDE (_end = .)
                0x00000000200046f8                . = (. + _Min_Heap_Size)
 *fill*         0x00000000200044f8      0x200 
                0x0000000020004af8                . = (. + _Min_Stack_Size)
 *fill*         0x00000000200046f8      0x400 
                0x0000000020004af8                . = ALIGN (0x8)

/DISCARD/
 libc.a(*)
 libm.a(*)
 libgcc.a(*)

.ARM.attributes
                0x0000000000000000       0x29
 *(.ARM.attributes)
 .ARM.attributes
                0x0000000000000000       0x1d c:/st/stm32cubeide_1.12.1/stm32cubeide/plugins/com.st.stm32cube.ide.mcu.externaltools.gnu-tools-for-stm32.10.3-2021.10.win32_1.0.200.202301161003/tools/bin/../lib/gcc/arm-none-eabi/10.3.1/thumb/v7-m/nofp/crti.o
 .ARM.attributes
                0x000000000000001d       0x2d c:/st/stm32cubeide_1.12.1/stm32cubeide/plugins/com.st.stm32cube.ide.mcu.externaltools.gnu-tools-for-stm32.10.3-2021.10.win32_1.0.200.202301161003/tools/bin/../lib/gcc/arm-none-eabi/10.3.1/thumb/v7-m/nofp/crtbegin.o
 .ARM.attributes
                0x000000000000004a       0x2d ./Core/Src/alarmClock.o
 .ARM.attributes
                0x0000000000000077       0x2d ./Core/Src/changeScreen.o
 .ARM.attributes
                0x00000000000000a4       0x2d ./Core/Src/gpio.o
 .ARM.attributes
                0x00000000000000d1       0x2d ./Core/Src/i2c.o
 .ARM.attributes
                0x00000000000000fe       0x2d ./Core/Src/key.o
 .ARM.attributes
                0x000000000000012b       0x2d ./Core/Src/led.o
 .ARM.attributes
                0x0000000000000158       0x2d ./Core/Src/main.o
 .ARM.attributes
                0x0000000000000185       0x2d ./Core/Src/mq2.o
 .ARM.attributes
                0x00000000000001b2       0x2d ./Core/Src/myVolatile.o
 .ARM.attributes
                0x00000000000001df       0x2d ./Core/Src/oled.o
 .ARM.attributes
                0x000000000000020c       0x2d ./Core/Src/rtc.o
 .ARM.attributes
                0x0000000000000239       0x2d ./Core/Src/show.o
 .ARM.attributes
                0x0000000000000266       0x2d ./Core/Src/song.o
 .ARM.attributes
                0x0000000000000293       0x2d ./Core/Src/stm32f1xx_hal_msp.o
 .ARM.attributes
                0x00000000000002c0       0x2d ./Core/Src/stm32f1xx_it.o
 .ARM.attributes
                0x00000000000002ed       0x2d ./Core/Src/system_stm32f1xx.o
 .ARM.attributes
                0x000000000000031a       0x2d ./Core/Src/tim.o
 .ARM.attributes
                0x0000000000000347       0x2d ./Core/Src/usart.o
 .ARM.attributes
                0x0000000000000374       0x21 ./Core/Startup/startup_stm32f103c8tx.o
 .ARM.attributes
                0x0000000000000395       0x2d ./Drivers/STM32F1xx_HAL_Driver/Src/stm32f1xx_hal.o
 .ARM.attributes
                0x00000000000003c2       0x2d ./Drivers/STM32F1xx_HAL_Driver/Src/stm32f1xx_hal_cortex.o
 .ARM.attributes
                0x00000000000003ef       0x2d ./Drivers/STM32F1xx_HAL_Driver/Src/stm32f1xx_hal_dma.o
 .ARM.attributes
                0x000000000000041c       0x2d ./Drivers/STM32F1xx_HAL_Driver/Src/stm32f1xx_hal_gpio.o
 .ARM.attributes
                0x0000000000000449       0x2d ./Drivers/STM32F1xx_HAL_Driver/Src/stm32f1xx_hal_i2c.o
 .ARM.attributes
                0x0000000000000476       0x2d ./Drivers/STM32F1xx_HAL_Driver/Src/stm32f1xx_hal_pwr.o
 .ARM.attributes
                0x00000000000004a3       0x2d ./Drivers/STM32F1xx_HAL_Driver/Src/stm32f1xx_hal_rcc.o
 .ARM.attributes
                0x00000000000004d0       0x2d ./Drivers/STM32F1xx_HAL_Driver/Src/stm32f1xx_hal_rcc_ex.o
 .ARM.attributes
                0x00000000000004fd       0x2d ./Drivers/STM32F1xx_HAL_Driver/Src/stm32f1xx_hal_rtc.o
 .ARM.attributes
                0x000000000000052a       0x2d ./Drivers/STM32F1xx_HAL_Driver/Src/stm32f1xx_hal_tim.o
 .ARM.attributes
                0x0000000000000557       0x2d ./Drivers/STM32F1xx_HAL_Driver/Src/stm32f1xx_hal_tim_ex.o
 .ARM.attributes
                0x0000000000000584       0x2d ./Drivers/STM32F1xx_HAL_Driver/Src/stm32f1xx_hal_uart.o
 .ARM.attributes
                0x00000000000005b1       0x2d c:/st/stm32cubeide_1.12.1/stm32cubeide/plugins/com.st.stm32cube.ide.mcu.externaltools.gnu-tools-for-stm32.10.3-2021.10.win32_1.0.200.202301161003/tools/bin/../lib/gcc/arm-none-eabi/10.3.1/../../../../arm-none-eabi/lib/thumb/v7-m/nofp\libc_nano.a(lib_a-init.o)
 .ARM.attributes
                0x00000000000005de       0x2d c:/st/stm32cubeide_1.12.1/stm32cubeide/plugins/com.st.stm32cube.ide.mcu.externaltools.gnu-tools-for-stm32.10.3-2021.10.win32_1.0.200.202301161003/tools/bin/../lib/gcc/arm-none-eabi/10.3.1/../../../../arm-none-eabi/lib/thumb/v7-m/nofp\libc_nano.a(lib_a-memset.o)
 .ARM.attributes
                0x000000000000060b       0x1d c:/st/stm32cubeide_1.12.1/stm32cubeide/plugins/com.st.stm32cube.ide.mcu.externaltools.gnu-tools-for-stm32.10.3-2021.10.win32_1.0.200.202301161003/tools/bin/../lib/gcc/arm-none-eabi/10.3.1/thumb/v7-m/nofp/crtn.o
OUTPUT(ElectronicCanlender.elf elf32-littlearm)
LOAD linker stubs
LOAD c:/st/stm32cubeide_1.12.1/stm32cubeide/plugins/com.st.stm32cube.ide.mcu.externaltools.gnu-tools-for-stm32.10.3-2021.10.win32_1.0.200.202301161003/tools/bin/../lib/gcc/arm-none-eabi/10.3.1/../../../../arm-none-eabi/lib/thumb/v7-m/nofp\libc.a
LOAD c:/st/stm32cubeide_1.12.1/stm32cubeide/plugins/com.st.stm32cube.ide.mcu.externaltools.gnu-tools-for-stm32.10.3-2021.10.win32_1.0.200.202301161003/tools/bin/../lib/gcc/arm-none-eabi/10.3.1/../../../../arm-none-eabi/lib/thumb/v7-m/nofp\libm.a
LOAD c:/st/stm32cubeide_1.12.1/stm32cubeide/plugins/com.st.stm32cube.ide.mcu.externaltools.gnu-tools-for-stm32.10.3-2021.10.win32_1.0.200.202301161003/tools/bin/../lib/gcc/arm-none-eabi/10.3.1/thumb/v7-m/nofp\libgcc.a

.debug_info     0x0000000000000000    0x1d27b
 .debug_info    0x0000000000000000      0xcf5 ./Core/Src/alarmClock.o
 .debug_info    0x0000000000000cf5      0x3a7 ./Core/Src/changeScreen.o
 .debug_info    0x000000000000109c      0x3af ./Core/Src/gpio.o
 .debug_info    0x000000000000144b      0x907 ./Core/Src/i2c.o
 .debug_info    0x0000000000001d52      0x345 ./Core/Src/key.o
 .debug_info    0x0000000000002097      0x1f5 ./Core/Src/led.o
 .debug_info    0x000000000000228c      0x7bb ./Core/Src/main.o
 .debug_info    0x0000000000002a47      0x9c1 ./Core/Src/mq2.o
 .debug_info    0x0000000000003408      0x821 ./Core/Src/myVolatile.o
 .debug_info    0x0000000000003c29     0x11bc ./Core/Src/oled.o
 .debug_info    0x0000000000004de5      0x56b ./Core/Src/rtc.o
 .debug_info    0x0000000000005350     0x148d ./Core/Src/show.o
 .debug_info    0x00000000000067dd      0xebd ./Core/Src/song.o
 .debug_info    0x000000000000769a      0x17c ./Core/Src/stm32f1xx_hal_msp.o
 .debug_info    0x0000000000007816      0x6a4 ./Core/Src/stm32f1xx_it.o
 .debug_info    0x0000000000007eba      0x24c ./Core/Src/system_stm32f1xx.o
 .debug_info    0x0000000000008106      0x916 ./Core/Src/tim.o
 .debug_info    0x0000000000008a1c     0x1f48 ./Core/Src/usart.o
 .debug_info    0x000000000000a964       0x22 ./Core/Startup/startup_stm32f103c8tx.o
 .debug_info    0x000000000000a986      0x808 ./Drivers/STM32F1xx_HAL_Driver/Src/stm32f1xx_hal.o
 .debug_info    0x000000000000b18e      0xd6a ./Drivers/STM32F1xx_HAL_Driver/Src/stm32f1xx_hal_cortex.o
 .debug_info    0x000000000000bef8      0x85b ./Drivers/STM32F1xx_HAL_Driver/Src/stm32f1xx_hal_dma.o
 .debug_info    0x000000000000c753      0x66f ./Drivers/STM32F1xx_HAL_Driver/Src/stm32f1xx_hal_gpio.o
 .debug_info    0x000000000000cdc2     0x3acd ./Drivers/STM32F1xx_HAL_Driver/Src/stm32f1xx_hal_i2c.o
 .debug_info    0x000000000001088f      0x6a5 ./Drivers/STM32F1xx_HAL_Driver/Src/stm32f1xx_hal_pwr.o
 .debug_info    0x0000000000010f34      0xa8e ./Drivers/STM32F1xx_HAL_Driver/Src/stm32f1xx_hal_rcc.o
 .debug_info    0x00000000000119c2      0x445 ./Drivers/STM32F1xx_HAL_Driver/Src/stm32f1xx_hal_rcc_ex.o
 .debug_info    0x0000000000011e07     0x148f ./Drivers/STM32F1xx_HAL_Driver/Src/stm32f1xx_hal_rtc.o
 .debug_info    0x0000000000013296     0x42d3 ./Drivers/STM32F1xx_HAL_Driver/Src/stm32f1xx_hal_tim.o
 .debug_info    0x0000000000017569     0x19b3 ./Drivers/STM32F1xx_HAL_Driver/Src/stm32f1xx_hal_tim_ex.o
 .debug_info    0x0000000000018f1c     0x435f ./Drivers/STM32F1xx_HAL_Driver/Src/stm32f1xx_hal_uart.o

.debug_abbrev   0x0000000000000000     0x45ae
 .debug_abbrev  0x0000000000000000      0x233 ./Core/Src/alarmClock.o
 .debug_abbrev  0x0000000000000233      0x161 ./Core/Src/changeScreen.o
 .debug_abbrev  0x0000000000000394      0x160 ./Core/Src/gpio.o
 .debug_abbrev  0x00000000000004f4      0x208 ./Core/Src/i2c.o
 .debug_abbrev  0x00000000000006fc      0x11b ./Core/Src/key.o
 .debug_abbrev  0x0000000000000817      0x11a ./Core/Src/led.o
 .debug_abbrev  0x0000000000000931      0x292 ./Core/Src/main.o
 .debug_abbrev  0x0000000000000bc3      0x20b ./Core/Src/mq2.o
 .debug_abbrev  0x0000000000000dce      0x1ee ./Core/Src/myVolatile.o
 .debug_abbrev  0x0000000000000fbc      0x3c6 ./Core/Src/oled.o
 .debug_abbrev  0x0000000000001382      0x1c7 ./Core/Src/rtc.o
 .debug_abbrev  0x0000000000001549      0x267 ./Core/Src/show.o
 .debug_abbrev  0x00000000000017b0      0x25e ./Core/Src/song.o
 .debug_abbrev  0x0000000000001a0e       0xc0 ./Core/Src/stm32f1xx_hal_msp.o
 .debug_abbrev  0x0000000000001ace      0x1c7 ./Core/Src/stm32f1xx_it.o
 .debug_abbrev  0x0000000000001c95      0x141 ./Core/Src/system_stm32f1xx.o
 .debug_abbrev  0x0000000000001dd6      0x1fb ./Core/Src/tim.o
 .debug_abbrev  0x0000000000001fd1      0x385 ./Core/Src/usart.o
 .debug_abbrev  0x0000000000002356       0x12 ./Core/Startup/startup_stm32f103c8tx.o
 .debug_abbrev  0x0000000000002368      0x277 ./Drivers/STM32F1xx_HAL_Driver/Src/stm32f1xx_hal.o
 .debug_abbrev  0x00000000000025df      0x352 ./Drivers/STM32F1xx_HAL_Driver/Src/stm32f1xx_hal_cortex.o
 .debug_abbrev  0x0000000000002931      0x253 ./Drivers/STM32F1xx_HAL_Driver/Src/stm32f1xx_hal_dma.o
 .debug_abbrev  0x0000000000002b84      0x1e7 ./Drivers/STM32F1xx_HAL_Driver/Src/stm32f1xx_hal_gpio.o
 .debug_abbrev  0x0000000000002d6b      0x429 ./Drivers/STM32F1xx_HAL_Driver/Src/stm32f1xx_hal_i2c.o
 .debug_abbrev  0x0000000000003194      0x1e1 ./Drivers/STM32F1xx_HAL_Driver/Src/stm32f1xx_hal_pwr.o
 .debug_abbrev  0x0000000000003375      0x2f5 ./Drivers/STM32F1xx_HAL_Driver/Src/stm32f1xx_hal_rcc.o
 .debug_abbrev  0x000000000000366a      0x1d3 ./Drivers/STM32F1xx_HAL_Driver/Src/stm32f1xx_hal_rcc_ex.o
 .debug_abbrev  0x000000000000383d      0x33e ./Drivers/STM32F1xx_HAL_Driver/Src/stm32f1xx_hal_rtc.o
 .debug_abbrev  0x0000000000003b7b      0x373 ./Drivers/STM32F1xx_HAL_Driver/Src/stm32f1xx_hal_tim.o
 .debug_abbrev  0x0000000000003eee      0x2d8 ./Drivers/STM32F1xx_HAL_Driver/Src/stm32f1xx_hal_tim_ex.o
 .debug_abbrev  0x00000000000041c6      0x3e8 ./Drivers/STM32F1xx_HAL_Driver/Src/stm32f1xx_hal_uart.o

.debug_loc      0x0000000000000000    0x1151d
 .debug_loc     0x0000000000000000      0x182 ./Core/Src/alarmClock.o
 .debug_loc     0x0000000000000182       0x64 ./Core/Src/i2c.o
 .debug_loc     0x00000000000001e6       0x5e ./Core/Src/main.o
 .debug_loc     0x0000000000000244      0x7c6 ./Core/Src/oled.o
 .debug_loc     0x0000000000000a0a       0x25 ./Core/Src/rtc.o
 .debug_loc     0x0000000000000a2f      0x260 ./Core/Src/show.o
 .debug_loc     0x0000000000000c8f      0x154 ./Core/Src/song.o
 .debug_loc     0x0000000000000de3       0x23 ./Core/Src/stm32f1xx_it.o
 .debug_loc     0x0000000000000e06       0xe7 ./Core/Src/system_stm32f1xx.o
 .debug_loc     0x0000000000000eed      0x31a ./Core/Src/usart.o
 .debug_loc     0x0000000000001207      0x139 ./Drivers/STM32F1xx_HAL_Driver/Src/stm32f1xx_hal.o
 .debug_loc     0x0000000000001340      0x4c5 ./Drivers/STM32F1xx_HAL_Driver/Src/stm32f1xx_hal_cortex.o
 .debug_loc     0x0000000000001805      0x717 ./Drivers/STM32F1xx_HAL_Driver/Src/stm32f1xx_hal_dma.o
 .debug_loc     0x0000000000001f1c      0x41b ./Drivers/STM32F1xx_HAL_Driver/Src/stm32f1xx_hal_gpio.o
 .debug_loc     0x0000000000002337     0x36ee ./Drivers/STM32F1xx_HAL_Driver/Src/stm32f1xx_hal_i2c.o
 .debug_loc     0x0000000000005a25       0xe3 ./Drivers/STM32F1xx_HAL_Driver/Src/stm32f1xx_hal_pwr.o
 .debug_loc     0x0000000000005b08      0x610 ./Drivers/STM32F1xx_HAL_Driver/Src/stm32f1xx_hal_rcc.o
 .debug_loc     0x0000000000006118      0x3b9 ./Drivers/STM32F1xx_HAL_Driver/Src/stm32f1xx_hal_rcc_ex.o
 .debug_loc     0x00000000000064d1     0x135b ./Drivers/STM32F1xx_HAL_Driver/Src/stm32f1xx_hal_rtc.o
 .debug_loc     0x000000000000782c     0x460e ./Drivers/STM32F1xx_HAL_Driver/Src/stm32f1xx_hal_tim.o
 .debug_loc     0x000000000000be3a     0x12d9 ./Drivers/STM32F1xx_HAL_Driver/Src/stm32f1xx_hal_tim_ex.o
 .debug_loc     0x000000000000d113     0x440a ./Drivers/STM32F1xx_HAL_Driver/Src/stm32f1xx_hal_uart.o

.debug_aranges  0x0000000000000000     0x1038
 .debug_aranges
                0x0000000000000000       0x38 ./Core/Src/alarmClock.o
 .debug_aranges
                0x0000000000000038       0x28 ./Core/Src/changeScreen.o
 .debug_aranges
                0x0000000000000060       0x20 ./Core/Src/gpio.o
 .debug_aranges
                0x0000000000000080       0x30 ./Core/Src/i2c.o
 .debug_aranges
                0x00000000000000b0       0x20 ./Core/Src/key.o
 .debug_aranges
                0x00000000000000d0       0x20 ./Core/Src/led.o
 .debug_aranges
                0x00000000000000f0       0x38 ./Core/Src/main.o
 .debug_aranges
                0x0000000000000128       0x30 ./Core/Src/mq2.o
 .debug_aranges
                0x0000000000000158       0x48 ./Core/Src/myVolatile.o
 .debug_aranges
                0x00000000000001a0       0x88 ./Core/Src/oled.o
 .debug_aranges
                0x0000000000000228       0x30 ./Core/Src/rtc.o
 .debug_aranges
                0x0000000000000258       0x68 ./Core/Src/show.o
 .debug_aranges
                0x00000000000002c0       0x68 ./Core/Src/song.o
 .debug_aranges
                0x0000000000000328       0x20 ./Core/Src/stm32f1xx_hal_msp.o
 .debug_aranges
                0x0000000000000348       0x60 ./Core/Src/stm32f1xx_it.o
 .debug_aranges
                0x00000000000003a8       0x28 ./Core/Src/system_stm32f1xx.o
 .debug_aranges
                0x00000000000003d0       0x30 ./Core/Src/tim.o
 .debug_aranges
                0x0000000000000400       0x90 ./Core/Src/usart.o
 .debug_aranges
                0x0000000000000490       0x28 ./Core/Startup/startup_stm32f103c8tx.o
 .debug_aranges
                0x00000000000004b8       0xd8 ./Drivers/STM32F1xx_HAL_Driver/Src/stm32f1xx_hal.o
 .debug_aranges
                0x0000000000000590       0x90 ./Drivers/STM32F1xx_HAL_Driver/Src/stm32f1xx_hal_cortex.o
 .debug_aranges
                0x0000000000000620       0x78 ./Drivers/STM32F1xx_HAL_Driver/Src/stm32f1xx_hal_dma.o
 .debug_aranges
                0x0000000000000698       0x58 ./Drivers/STM32F1xx_HAL_Driver/Src/stm32f1xx_hal_gpio.o
 .debug_aranges
                0x00000000000006f0      0x1b8 ./Drivers/STM32F1xx_HAL_Driver/Src/stm32f1xx_hal_i2c.o
 .debug_aranges
                0x00000000000008a8       0xa8 ./Drivers/STM32F1xx_HAL_Driver/Src/stm32f1xx_hal_pwr.o
 .debug_aranges
                0x0000000000000950       0x88 ./Drivers/STM32F1xx_HAL_Driver/Src/stm32f1xx_hal_rcc.o
 .debug_aranges
                0x00000000000009d8       0x30 ./Drivers/STM32F1xx_HAL_Driver/Src/stm32f1xx_hal_rcc_ex.o
 .debug_aranges
                0x0000000000000a08       0xd8 ./Drivers/STM32F1xx_HAL_Driver/Src/stm32f1xx_hal_rtc.o
 .debug_aranges
                0x0000000000000ae0      0x298 ./Drivers/STM32F1xx_HAL_Driver/Src/stm32f1xx_hal_tim.o
 .debug_aranges
                0x0000000000000d78      0x118 ./Drivers/STM32F1xx_HAL_Driver/Src/stm32f1xx_hal_tim_ex.o
 .debug_aranges
                0x0000000000000e90      0x1a8 ./Drivers/STM32F1xx_HAL_Driver/Src/stm32f1xx_hal_uart.o

.debug_ranges   0x0000000000000000     0x1710
 .debug_ranges  0x0000000000000000       0x40 ./Core/Src/alarmClock.o
 .debug_ranges  0x0000000000000040       0x18 ./Core/Src/changeScreen.o
 .debug_ranges  0x0000000000000058       0x88 ./Core/Src/gpio.o
 .debug_ranges  0x00000000000000e0       0x48 ./Core/Src/i2c.o
 .debug_ranges  0x0000000000000128       0x10 ./Core/Src/key.o
 .debug_ranges  0x0000000000000138       0x10 ./Core/Src/led.o
 .debug_ranges  0x0000000000000148       0x70 ./Core/Src/main.o
 .debug_ranges  0x00000000000001b8       0x20 ./Core/Src/mq2.o
 .debug_ranges  0x00000000000001d8       0x38 ./Core/Src/myVolatile.o
 .debug_ranges  0x0000000000000210       0xc0 ./Core/Src/oled.o
 .debug_ranges  0x00000000000002d0       0x38 ./Core/Src/rtc.o
 .debug_ranges  0x0000000000000308       0x58 ./Core/Src/show.o
 .debug_ranges  0x0000000000000360       0x58 ./Core/Src/song.o
 .debug_ranges  0x00000000000003b8       0x28 ./Core/Src/stm32f1xx_hal_msp.o
 .debug_ranges  0x00000000000003e0       0x50 ./Core/Src/stm32f1xx_it.o
 .debug_ranges  0x0000000000000430       0x18 ./Core/Src/system_stm32f1xx.o
 .debug_ranges  0x0000000000000448       0x20 ./Core/Src/tim.o
 .debug_ranges  0x0000000000000468      0x108 ./Core/Src/usart.o
 .debug_ranges  0x0000000000000570       0x20 ./Core/Startup/startup_stm32f103c8tx.o
 .debug_ranges  0x0000000000000590       0xc8 ./Drivers/STM32F1xx_HAL_Driver/Src/stm32f1xx_hal.o
 .debug_ranges  0x0000000000000658      0x148 ./Drivers/STM32F1xx_HAL_Driver/Src/stm32f1xx_hal_cortex.o
 .debug_ranges  0x00000000000007a0       0x98 ./Drivers/STM32F1xx_HAL_Driver/Src/stm32f1xx_hal_dma.o
 .debug_ranges  0x0000000000000838       0x68 ./Drivers/STM32F1xx_HAL_Driver/Src/stm32f1xx_hal_gpio.o
 .debug_ranges  0x00000000000008a0      0x510 ./Drivers/STM32F1xx_HAL_Driver/Src/stm32f1xx_hal_i2c.o
 .debug_ranges  0x0000000000000db0       0x98 ./Drivers/STM32F1xx_HAL_Driver/Src/stm32f1xx_hal_pwr.o
 .debug_ranges  0x0000000000000e48       0xc0 ./Drivers/STM32F1xx_HAL_Driver/Src/stm32f1xx_hal_rcc.o
 .debug_ranges  0x0000000000000f08       0x58 ./Drivers/STM32F1xx_HAL_Driver/Src/stm32f1xx_hal_rcc_ex.o
 .debug_ranges  0x0000000000000f60      0x128 ./Drivers/STM32F1xx_HAL_Driver/Src/stm32f1xx_hal_rtc.o
 .debug_ranges  0x0000000000001088      0x388 ./Drivers/STM32F1xx_HAL_Driver/Src/stm32f1xx_hal_tim.o
 .debug_ranges  0x0000000000001410      0x108 ./Drivers/STM32F1xx_HAL_Driver/Src/stm32f1xx_hal_tim_ex.o
 .debug_ranges  0x0000000000001518      0x1f8 ./Drivers/STM32F1xx_HAL_Driver/Src/stm32f1xx_hal_uart.o

.debug_macro    0x0000000000000000    0x1b5a6
 .debug_macro   0x0000000000000000      0x3a9 ./Core/Src/alarmClock.o
 .debug_macro   0x00000000000003a9      0xa72 ./Core/Src/alarmClock.o
 .debug_macro   0x0000000000000e1b      0x227 ./Core/Src/alarmClock.o
 .debug_macro   0x0000000000001042       0x2e ./Core/Src/alarmClock.o
 .debug_macro   0x0000000000001070       0x22 ./Core/Src/alarmClock.o
 .debug_macro   0x0000000000001092       0x22 ./Core/Src/alarmClock.o
 .debug_macro   0x00000000000010b4       0x8e ./Core/Src/alarmClock.o
 .debug_macro   0x0000000000001142       0x51 ./Core/Src/alarmClock.o
 .debug_macro   0x0000000000001193      0x103 ./Core/Src/alarmClock.o
 .debug_macro   0x0000000000001296       0x6a ./Core/Src/alarmClock.o
 .debug_macro   0x0000000000001300      0x1df ./Core/Src/alarmClock.o
 .debug_macro   0x00000000000014df       0x1c ./Core/Src/alarmClock.o
 .debug_macro   0x00000000000014fb       0x22 ./Core/Src/alarmClock.o
 .debug_macro   0x000000000000151d       0xbd ./Core/Src/alarmClock.o
 .debug_macro   0x00000000000015da      0xd23 ./Core/Src/alarmClock.o
 .debug_macro   0x00000000000022fd     0xe09e ./Core/Src/alarmClock.o
 .debug_macro   0x000000000001039b       0x6d ./Core/Src/alarmClock.o
 .debug_macro   0x0000000000010408     0x348d ./Core/Src/alarmClock.o
 .debug_macro   0x0000000000013895      0x174 ./Core/Src/alarmClock.o
 .debug_macro   0x0000000000013a09       0x5c ./Core/Src/alarmClock.o
 .debug_macro   0x0000000000013a65      0x5bc ./Core/Src/alarmClock.o
 .debug_macro   0x0000000000014021      0x289 ./Core/Src/alarmClock.o
 .debug_macro   0x00000000000142aa      0x1cb ./Core/Src/alarmClock.o
 .debug_macro   0x0000000000014475      0x114 ./Core/Src/alarmClock.o
 .debug_macro   0x0000000000014589      0x1b2 ./Core/Src/alarmClock.o
 .debug_macro   0x000000000001473b       0x27 ./Core/Src/alarmClock.o
 .debug_macro   0x0000000000014762      0x136 ./Core/Src/alarmClock.o
 .debug_macro   0x0000000000014898      0x1bc ./Core/Src/alarmClock.o
 .debug_macro   0x0000000000014a54       0x34 ./Core/Src/alarmClock.o
 .debug_macro   0x0000000000014a88       0x3c ./Core/Src/alarmClock.o
 .debug_macro   0x0000000000014ac4       0x57 ./Core/Src/alarmClock.o
 .debug_macro   0x0000000000014b1b       0x87 ./Core/Src/alarmClock.o
 .debug_macro   0x0000000000014ba2      0x240 ./Core/Src/alarmClock.o
 .debug_macro   0x0000000000014de2      0x287 ./Core/Src/alarmClock.o
 .debug_macro   0x0000000000015069      0x140 ./Core/Src/alarmClock.o
 .debug_macro   0x00000000000151a9      0x1ef ./Core/Src/alarmClock.o
 .debug_macro   0x0000000000015398       0xeb ./Core/Src/alarmClock.o
 .debug_macro   0x0000000000015483      0x8ed ./Core/Src/alarmClock.o
 .debug_macro   0x0000000000015d70      0x28e ./Core/Src/alarmClock.o
 .debug_macro   0x0000000000015ffe       0x83 ./Core/Src/alarmClock.o
 .debug_macro   0x0000000000016081       0x70 ./Core/Src/alarmClock.o
 .debug_macro   0x00000000000160f1       0x40 ./Core/Src/alarmClock.o
 .debug_macro   0x0000000000016131       0x22 ./Core/Src/alarmClock.o
 .debug_macro   0x0000000000016153       0x3a ./Core/Src/alarmClock.o
 .debug_macro   0x000000000001618d       0x52 ./Core/Src/alarmClock.o
 .debug_macro   0x00000000000161df       0x18 ./Core/Src/alarmClock.o
 .debug_macro   0x00000000000161f7       0x3c ./Core/Src/alarmClock.o
 .debug_macro   0x0000000000016233       0x34 ./Core/Src/alarmClock.o
 .debug_macro   0x0000000000016267       0x16 ./Core/Src/alarmClock.o
 .debug_macro   0x000000000001627d       0x35 ./Core/Src/alarmClock.o
 .debug_macro   0x00000000000162b2      0x341 ./Core/Src/alarmClock.o
 .debug_macro   0x00000000000165f3       0x10 ./Core/Src/alarmClock.o
 .debug_macro   0x0000000000016603       0x16 ./Core/Src/alarmClock.o
 .debug_macro   0x0000000000016619       0x43 ./Core/Src/alarmClock.o
 .debug_macro   0x000000000001665c       0x34 ./Core/Src/alarmClock.o
 .debug_macro   0x0000000000016690       0x10 ./Core/Src/alarmClock.o
 .debug_macro   0x00000000000166a0       0x58 ./Core/Src/alarmClock.o
 .debug_macro   0x00000000000166f8       0x71 ./Core/Src/alarmClock.o
 .debug_macro   0x0000000000016769       0x1c ./Core/Src/alarmClock.o
 .debug_macro   0x0000000000016785      0x12a ./Core/Src/alarmClock.o
 .debug_macro   0x00000000000168af       0x10 ./Core/Src/alarmClock.o
 .debug_macro   0x00000000000168bf       0x1c ./Core/Src/alarmClock.o
 .debug_macro   0x00000000000168db       0x52 ./Core/Src/alarmClock.o
 .debug_macro   0x000000000001692d       0x22 ./Core/Src/alarmClock.o
 .debug_macro   0x000000000001694f       0x10 ./Core/Src/alarmClock.o
 .debug_macro   0x000000000001695f       0x52 ./Core/Src/alarmClock.o
 .debug_macro   0x00000000000169b1       0xd5 ./Core/Src/alarmClock.o
 .debug_macro   0x0000000000016a86       0x1c ./Core/Src/alarmClock.o
 .debug_macro   0x0000000000016aa2       0x3d ./Core/Src/alarmClock.o
 .debug_macro   0x0000000000016adf       0x16 ./Core/Src/alarmClock.o
 .debug_macro   0x0000000000016af5      0x145 ./Core/Src/alarmClock.o
 .debug_macro   0x0000000000016c3a       0xf4 ./Core/Src/alarmClock.o
 .debug_macro   0x0000000000016d2e      0x395 ./Core/Src/changeScreen.o
 .debug_macro   0x00000000000170c3       0x46 ./Core/Src/changeScreen.o
 .debug_macro   0x0000000000017109      0x1da ./Core/Src/gpio.o
 .debug_macro   0x00000000000172e3      0x1da ./Core/Src/i2c.o
 .debug_macro   0x00000000000174bd      0x1df ./Core/Src/key.o
 .debug_macro   0x000000000001769c       0x34 ./Core/Src/key.o
 .debug_macro   0x00000000000176d0      0x1df ./Core/Src/led.o
 .debug_macro   0x00000000000178af       0x1c ./Core/Src/led.o
 .debug_macro   0x00000000000178cb      0x3ff ./Core/Src/main.o
 .debug_macro   0x0000000000017cca      0x393 ./Core/Src/mq2.o
 .debug_macro   0x000000000001805d      0x391 ./Core/Src/myVolatile.o
 .debug_macro   0x00000000000183ee      0x3b0 ./Core/Src/oled.o
 .debug_macro   0x000000000001879e       0x4c ./Core/Src/oled.o
 .debug_macro   0x00000000000187ea       0x94 ./Core/Src/oled.o
 .debug_macro   0x000000000001887e       0x57 ./Core/Src/oled.o
 .debug_macro   0x00000000000188d5       0x97 ./Core/Src/oled.o
 .debug_macro   0x000000000001896c       0xfd ./Core/Src/oled.o
 .debug_macro   0x0000000000018a69       0x56 ./Core/Src/oled.o
 .debug_macro   0x0000000000018abf       0x16 ./Core/Src/oled.o
 .debug_macro   0x0000000000018ad5       0x20 ./Core/Src/oled.o
 .debug_macro   0x0000000000018af5       0x16 ./Core/Src/oled.o
 .debug_macro   0x0000000000018b0b       0x16 ./Core/Src/oled.o
 .debug_macro   0x0000000000018b21       0x29 ./Core/Src/oled.o
 .debug_macro   0x0000000000018b4a      0x1da ./Core/Src/rtc.o
 .debug_macro   0x0000000000018d24      0x391 ./Core/Src/show.o
 .debug_macro   0x00000000000190b5      0x37e ./Core/Src/song.o
 .debug_macro   0x0000000000019433      0x1d0 ./Core/Src/stm32f1xx_hal_msp.o
 .debug_macro   0x0000000000019603      0x1da ./Core/Src/stm32f1xx_it.o
 .debug_macro   0x00000000000197dd      0x1c1 ./Core/Src/system_stm32f1xx.o
 .debug_macro   0x000000000001999e      0x1da ./Core/Src/tim.o
 .debug_macro   0x0000000000019b78      0x3c2 ./Core/Src/usart.o
 .debug_macro   0x0000000000019f3a      0x1e5 ./Drivers/STM32F1xx_HAL_Driver/Src/stm32f1xx_hal.o
 .debug_macro   0x000000000001a11f      0x1c1 ./Drivers/STM32F1xx_HAL_Driver/Src/stm32f1xx_hal_cortex.o
 .debug_macro   0x000000000001a2e0      0x1c1 ./Drivers/STM32F1xx_HAL_Driver/Src/stm32f1xx_hal_dma.o
 .debug_macro   0x000000000001a4a1      0x22c ./Drivers/STM32F1xx_HAL_Driver/Src/stm32f1xx_hal_gpio.o
 .debug_macro   0x000000000001a6cd      0x20f ./Drivers/STM32F1xx_HAL_Driver/Src/stm32f1xx_hal_i2c.o
 .debug_macro   0x000000000001a8dc      0x221 ./Drivers/STM32F1xx_HAL_Driver/Src/stm32f1xx_hal_pwr.o
 .debug_macro   0x000000000001aafd      0x1d3 ./Drivers/STM32F1xx_HAL_Driver/Src/stm32f1xx_hal_rcc.o
 .debug_macro   0x000000000001acd0      0x1c1 ./Drivers/STM32F1xx_HAL_Driver/Src/stm32f1xx_hal_rcc_ex.o
 .debug_macro   0x000000000001ae91      0x1d0 ./Drivers/STM32F1xx_HAL_Driver/Src/stm32f1xx_hal_rtc.o
 .debug_macro   0x000000000001b061      0x1c2 ./Drivers/STM32F1xx_HAL_Driver/Src/stm32f1xx_hal_tim.o
 .debug_macro   0x000000000001b223      0x1c1 ./Drivers/STM32F1xx_HAL_Driver/Src/stm32f1xx_hal_tim_ex.o
 .debug_macro   0x000000000001b3e4      0x1c2 ./Drivers/STM32F1xx_HAL_Driver/Src/stm32f1xx_hal_uart.o

.debug_line     0x0000000000000000    0x22de8
 .debug_line    0x0000000000000000      0xc00 ./Core/Src/alarmClock.o
 .debug_line    0x0000000000000c00      0x959 ./Core/Src/changeScreen.o
 .debug_line    0x0000000000001559      0x782 ./Core/Src/gpio.o
 .debug_line    0x0000000000001cdb      0x7a8 ./Core/Src/i2c.o
 .debug_line    0x0000000000002483      0x7ad ./Core/Src/key.o
 .debug_line    0x0000000000002c30      0x6ca ./Core/Src/led.o
 .debug_line    0x00000000000032fa      0xb85 ./Core/Src/main.o
 .debug_line    0x0000000000003e7f      0x9a9 ./Core/Src/mq2.o
 .debug_line    0x0000000000004828      0xb00 ./Core/Src/myVolatile.o
 .debug_line    0x0000000000005328      0xe62 ./Core/Src/oled.o
 .debug_line    0x000000000000618a      0x7a0 ./Core/Src/rtc.o
 .debug_line    0x000000000000692a     0x1806 ./Core/Src/show.o
 .debug_line    0x0000000000008130      0xc39 ./Core/Src/song.o
 .debug_line    0x0000000000008d69      0x6d4 ./Core/Src/stm32f1xx_hal_msp.o
 .debug_line    0x000000000000943d      0x7e3 ./Core/Src/stm32f1xx_it.o
 .debug_line    0x0000000000009c20      0x751 ./Core/Src/system_stm32f1xx.o
 .debug_line    0x000000000000a371      0x794 ./Core/Src/tim.o
 .debug_line    0x000000000000ab05     0x16af ./Core/Src/usart.o
 .debug_line    0x000000000000c1b4       0x86 ./Core/Startup/startup_stm32f103c8tx.o
 .debug_line    0x000000000000c23a      0x9ea ./Drivers/STM32F1xx_HAL_Driver/Src/stm32f1xx_hal.o
 .debug_line    0x000000000000cc24      0xb8b ./Drivers/STM32F1xx_HAL_Driver/Src/stm32f1xx_hal_cortex.o
 .debug_line    0x000000000000d7af      0xf8f ./Drivers/STM32F1xx_HAL_Driver/Src/stm32f1xx_hal_dma.o
 .debug_line    0x000000000000e73e      0xa8c ./Drivers/STM32F1xx_HAL_Driver/Src/stm32f1xx_hal_gpio.o
 .debug_line    0x000000000000f1ca     0x5e5d ./Drivers/STM32F1xx_HAL_Driver/Src/stm32f1xx_hal_i2c.o
 .debug_line    0x0000000000015027      0x947 ./Drivers/STM32F1xx_HAL_Driver/Src/stm32f1xx_hal_pwr.o
 .debug_line    0x000000000001596e     0x109e ./Drivers/STM32F1xx_HAL_Driver/Src/stm32f1xx_hal_rcc.o
 .debug_line    0x0000000000016a0c      0x96a ./Drivers/STM32F1xx_HAL_Driver/Src/stm32f1xx_hal_rcc_ex.o
 .debug_line    0x0000000000017376     0x151c ./Drivers/STM32F1xx_HAL_Driver/Src/stm32f1xx_hal_rtc.o
 .debug_line    0x0000000000018892     0x4615 ./Drivers/STM32F1xx_HAL_Driver/Src/stm32f1xx_hal_tim.o
 .debug_line    0x000000000001cea7     0x1a5b ./Drivers/STM32F1xx_HAL_Driver/Src/stm32f1xx_hal_tim_ex.o
 .debug_line    0x000000000001e902     0x44e6 ./Drivers/STM32F1xx_HAL_Driver/Src/stm32f1xx_hal_uart.o

.debug_str      0x0000000000000000    0x9076f
 .debug_str     0x0000000000000000    0x8b12f ./Core/Src/alarmClock.o
                                      0x8b4a1 (size before relaxing)
 .debug_str     0x000000000008b12f       0x8e ./Core/Src/changeScreen.o
                                      0x8b143 (size before relaxing)
 .debug_str     0x000000000008b1bd       0xb7 ./Core/Src/gpio.o
                                      0x86a3a (size before relaxing)
 .debug_str     0x000000000008b274      0x41c ./Core/Src/i2c.o
                                      0x86ef4 (size before relaxing)
 .debug_str     0x000000000008b690       0x2d ./Core/Src/key.o
                                      0x86beb (size before relaxing)
 .debug_str     0x000000000008b6bd       0x12 ./Core/Src/led.o
                                      0x86ab8 (size before relaxing)
 .debug_str     0x000000000008b6cf      0x300 ./Core/Src/main.o
                                      0x8b478 (size before relaxing)
 .debug_str     0x000000000008b9cf      0x239 ./Core/Src/mq2.o
                                      0x8b5c6 (size before relaxing)
 .debug_str     0x000000000008bc08       0x6e ./Core/Src/myVolatile.o
                                      0x8b37b (size before relaxing)
 .debug_str     0x000000000008bc76      0x25e ./Core/Src/oled.o
                                      0x8b1b7 (size before relaxing)
 .debug_str     0x000000000008bed4       0x8a ./Core/Src/rtc.o
                                      0x86bdc (size before relaxing)
 .debug_str     0x000000000008bf5e       0x5b ./Core/Src/show.o
                                      0x8b45c (size before relaxing)
 .debug_str     0x000000000008bfb9       0xd8 ./Core/Src/song.o
                                      0x8b528 (size before relaxing)
 .debug_str     0x000000000008c091       0x2c ./Core/Src/stm32f1xx_hal_msp.o
                                      0x8697c (size before relaxing)
 .debug_str     0x000000000008c0bd      0x108 ./Core/Src/stm32f1xx_it.o
                                      0x86e19 (size before relaxing)
 .debug_str     0x000000000008c1c5       0x7e ./Core/Src/system_stm32f1xx.o
                                      0x86846 (size before relaxing)
 .debug_str     0x000000000008c243      0x3ab ./Core/Src/tim.o
                                      0x86fc8 (size before relaxing)
 .debug_str     0x000000000008c5ee      0x7c5 ./Core/Src/usart.o
                                      0x8be04 (size before relaxing)
 .debug_str     0x000000000008cdb3       0x66 ./Core/Startup/startup_stm32f103c8tx.o
 .debug_str     0x000000000008ce19      0x384 ./Drivers/STM32F1xx_HAL_Driver/Src/stm32f1xx_hal.o
                                      0x86f76 (size before relaxing)
 .debug_str     0x000000000008d19d      0x29e ./Drivers/STM32F1xx_HAL_Driver/Src/stm32f1xx_hal_cortex.o
                                      0x86ec2 (size before relaxing)
 .debug_str     0x000000000008d43b      0x230 ./Drivers/STM32F1xx_HAL_Driver/Src/stm32f1xx_hal_dma.o
                                      0x86bec (size before relaxing)
 .debug_str     0x000000000008d66b      0x2f4 ./Drivers/STM32F1xx_HAL_Driver/Src/stm32f1xx_hal_gpio.o
                                      0x86bc9 (size before relaxing)
 .debug_str     0x000000000008d95f      0xb90 ./Drivers/STM32F1xx_HAL_Driver/Src/stm32f1xx_hal_i2c.o
                                      0x8790a (size before relaxing)
 .debug_str     0x000000000008e4ef      0x4ee ./Drivers/STM32F1xx_HAL_Driver/Src/stm32f1xx_hal_pwr.o
                                      0x86d7a (size before relaxing)
 .debug_str     0x000000000008e9dd      0x1fd ./Drivers/STM32F1xx_HAL_Driver/Src/stm32f1xx_hal_rcc.o
                                      0x86c72 (size before relaxing)
 .debug_str     0x000000000008ebda       0x9f ./Drivers/STM32F1xx_HAL_Driver/Src/stm32f1xx_hal_rcc_ex.o
                                      0x869c2 (size before relaxing)
 .debug_str     0x000000000008ec79      0x2f2 ./Drivers/STM32F1xx_HAL_Driver/Src/stm32f1xx_hal_rtc.o
                                      0x86d4e (size before relaxing)
 .debug_str     0x000000000008ef6b      0xdd9 ./Drivers/STM32F1xx_HAL_Driver/Src/stm32f1xx_hal_tim.o
                                      0x87c64 (size before relaxing)
 .debug_str     0x000000000008fd44      0x493 ./Drivers/STM32F1xx_HAL_Driver/Src/stm32f1xx_hal_tim_ex.o
                                      0x87480 (size before relaxing)
 .debug_str     0x00000000000901d7      0x598 ./Drivers/STM32F1xx_HAL_Driver/Src/stm32f1xx_hal_uart.o
                                      0x872e3 (size before relaxing)

.comment        0x0000000000000000       0x50
 .comment       0x0000000000000000       0x50 ./Core/Src/alarmClock.o
                                         0x51 (size before relaxing)
 .comment       0x0000000000000050       0x51 ./Core/Src/changeScreen.o
 .comment       0x0000000000000050       0x51 ./Core/Src/gpio.o
 .comment       0x0000000000000050       0x51 ./Core/Src/i2c.o
 .comment       0x0000000000000050       0x51 ./Core/Src/key.o
 .comment       0x0000000000000050       0x51 ./Core/Src/led.o
 .comment       0x0000000000000050       0x51 ./Core/Src/main.o
 .comment       0x0000000000000050       0x51 ./Core/Src/mq2.o
 .comment       0x0000000000000050       0x51 ./Core/Src/myVolatile.o
 .comment       0x0000000000000050       0x51 ./Core/Src/oled.o
 .comment       0x0000000000000050       0x51 ./Core/Src/rtc.o
 .comment       0x0000000000000050       0x51 ./Core/Src/show.o
 .comment       0x0000000000000050       0x51 ./Core/Src/song.o
 .comment       0x0000000000000050       0x51 ./Core/Src/stm32f1xx_hal_msp.o
 .comment       0x0000000000000050       0x51 ./Core/Src/stm32f1xx_it.o
 .comment       0x0000000000000050       0x51 ./Core/Src/system_stm32f1xx.o
 .comment       0x0000000000000050       0x51 ./Core/Src/tim.o
 .comment       0x0000000000000050       0x51 ./Core/Src/usart.o
 .comment       0x0000000000000050       0x51 ./Drivers/STM32F1xx_HAL_Driver/Src/stm32f1xx_hal.o
 .comment       0x0000000000000050       0x51 ./Drivers/STM32F1xx_HAL_Driver/Src/stm32f1xx_hal_cortex.o
 .comment       0x0000000000000050       0x51 ./Drivers/STM32F1xx_HAL_Driver/Src/stm32f1xx_hal_dma.o
 .comment       0x0000000000000050       0x51 ./Drivers/STM32F1xx_HAL_Driver/Src/stm32f1xx_hal_gpio.o
 .comment       0x0000000000000050       0x51 ./Drivers/STM32F1xx_HAL_Driver/Src/stm32f1xx_hal_i2c.o
 .comment       0x0000000000000050       0x51 ./Drivers/STM32F1xx_HAL_Driver/Src/stm32f1xx_hal_pwr.o
 .comment       0x0000000000000050       0x51 ./Drivers/STM32F1xx_HAL_Driver/Src/stm32f1xx_hal_rcc.o
 .comment       0x0000000000000050       0x51 ./Drivers/STM32F1xx_HAL_Driver/Src/stm32f1xx_hal_rcc_ex.o
 .comment       0x0000000000000050       0x51 ./Drivers/STM32F1xx_HAL_Driver/Src/stm32f1xx_hal_rtc.o
 .comment       0x0000000000000050       0x51 ./Drivers/STM32F1xx_HAL_Driver/Src/stm32f1xx_hal_tim.o
 .comment       0x0000000000000050       0x51 ./Drivers/STM32F1xx_HAL_Driver/Src/stm32f1xx_hal_tim_ex.o
 .comment       0x0000000000000050       0x51 ./Drivers/STM32F1xx_HAL_Driver/Src/stm32f1xx_hal_uart.o

.debug_frame    0x0000000000000000     0x30b8
 .debug_frame   0x0000000000000000       0xa4 ./Core/Src/alarmClock.o
 .debug_frame   0x00000000000000a4       0x54 ./Core/Src/changeScreen.o
 .debug_frame   0x00000000000000f8       0x34 ./Core/Src/gpio.o
 .debug_frame   0x000000000000012c       0x70 ./Core/Src/i2c.o
 .debug_frame   0x000000000000019c       0x28 ./Core/Src/key.o
 .debug_frame   0x00000000000001c4       0x2c ./Core/Src/led.o
 .debug_frame   0x00000000000001f0       0x68 ./Core/Src/main.o
 .debug_frame   0x0000000000000258       0x60 ./Core/Src/mq2.o
 .debug_frame   0x00000000000002b8       0xac ./Core/Src/myVolatile.o
 .debug_frame   0x0000000000000364      0x1b0 ./Core/Src/oled.o
 .debug_frame   0x0000000000000514       0x54 ./Core/Src/rtc.o
 .debug_frame   0x0000000000000568      0x154 ./Core/Src/show.o
 .debug_frame   0x00000000000006bc      0x158 ./Core/Src/song.o
 .debug_frame   0x0000000000000814       0x28 ./Core/Src/stm32f1xx_hal_msp.o
 .debug_frame   0x000000000000083c       0xc0 ./Core/Src/stm32f1xx_it.o
 .debug_frame   0x00000000000008fc       0x30 ./Core/Src/system_stm32f1xx.o
 .debug_frame   0x000000000000092c       0x50 ./Core/Src/tim.o
 .debug_frame   0x000000000000097c      0x194 ./Core/Src/usart.o
 .debug_frame   0x0000000000000b10      0x1d4 ./Drivers/STM32F1xx_HAL_Driver/Src/stm32f1xx_hal.o
 .debug_frame   0x0000000000000ce4      0x120 ./Drivers/STM32F1xx_HAL_Driver/Src/stm32f1xx_hal_cortex.o
 .debug_frame   0x0000000000000e04      0x14c ./Drivers/STM32F1xx_HAL_Driver/Src/stm32f1xx_hal_dma.o
 .debug_frame   0x0000000000000f50       0xd8 ./Drivers/STM32F1xx_HAL_Driver/Src/stm32f1xx_hal_gpio.o
 .debug_frame   0x0000000000001028      0x758 ./Drivers/STM32F1xx_HAL_Driver/Src/stm32f1xx_hal_i2c.o
 .debug_frame   0x0000000000001780      0x140 ./Drivers/STM32F1xx_HAL_Driver/Src/stm32f1xx_hal_pwr.o
 .debug_frame   0x00000000000018c0      0x13c ./Drivers/STM32F1xx_HAL_Driver/Src/stm32f1xx_hal_rcc.o
 .debug_frame   0x00000000000019fc       0x60 ./Drivers/STM32F1xx_HAL_Driver/Src/stm32f1xx_hal_rcc_ex.o
 .debug_frame   0x0000000000001a5c      0x2b8 ./Drivers/STM32F1xx_HAL_Driver/Src/stm32f1xx_hal_rtc.o
 .debug_frame   0x0000000000001d14      0x9f4 ./Drivers/STM32F1xx_HAL_Driver/Src/stm32f1xx_hal_tim.o
 .debug_frame   0x0000000000002708      0x3d4 ./Drivers/STM32F1xx_HAL_Driver/Src/stm32f1xx_hal_tim_ex.o
 .debug_frame   0x0000000000002adc      0x590 ./Drivers/STM32F1xx_HAL_Driver/Src/stm32f1xx_hal_uart.o
 .debug_frame   0x000000000000306c       0x2c c:/st/stm32cubeide_1.12.1/stm32cubeide/plugins/com.st.stm32cube.ide.mcu.externaltools.gnu-tools-for-stm32.10.3-2021.10.win32_1.0.200.202301161003/tools/bin/../lib/gcc/arm-none-eabi/10.3.1/../../../../arm-none-eabi/lib/thumb/v7-m/nofp\libc_nano.a(lib_a-init.o)
 .debug_frame   0x0000000000003098       0x20 c:/st/stm32cubeide_1.12.1/stm32cubeide/plugins/com.st.stm32cube.ide.mcu.externaltools.gnu-tools-for-stm32.10.3-2021.10.win32_1.0.200.202301161003/tools/bin/../lib/gcc/arm-none-eabi/10.3.1/../../../../arm-none-eabi/lib/thumb/v7-m/nofp\libc_nano.a(lib_a-memset.o)
