../Core/Src/oled.c:41:6:oled_write_cmd	32	static
../Core/Src/oled.c:55:6:oled_write_data	32	static
../Core/Src/oled.c:69:6:oled_write_long_data	24	static
../Core/Src/oled.c:83:6:oled_init	8	static
../Core/Src/oled.c:143:6:oled_update_screen	16	static
../Core/Src/oled.c:168:6:oled_clear	8	static
../Core/Src/oled.c:183:6:oled_all_on	8	static
../Core/Src/oled.c:199:6:oled_gotoXY	0	static
../Core/Src/oled.c:211:6:oled_drawpixel	12	static
../Core/Src/oled.c:238:6:oled_show_char	40	static
../Core/Src/oled.c:283:6:oled_show_china	48	static
../Core/Src/oled.c:341:6:oled_show_str	40	static
../Core/Src/oled.c:367:14:oled_pow	0	static
../Core/Src/oled.c:381:6:OLED_ShowNumber	56	static
